Component: ARM Compiler 6.16 Tool: armlink [5dfeaa00]

==============================================================================

Section Cross References

    gd32e50x_it.o(.ARM.exidx.text.NMI_Handler) refers to gd32e50x_it.o(.text.NMI_Handler) for [Anonymous Symbol]
    gd32e50x_it.o(.ARM.exidx.text.HardFault_Handler) refers to gd32e50x_it.o(.text.HardFault_Handler) for [Anonymous Symbol]
    gd32e50x_it.o(.ARM.exidx.text.SVC_Handler) refers to gd32e50x_it.o(.text.SVC_Handler) for [Anonymous Symbol]
    gd32e50x_it.o(.ARM.exidx.text.PendSV_Handler) refers to gd32e50x_it.o(.text.PendSV_Handler) for [Anonymous Symbol]
    gd32e50x_it.o(.text.SysTick_Handler) refers to main.o(.text.led_spark) for led_spark
    gd32e50x_it.o(.text.SysTick_Handler) refers to systick.o(.text.delay_decrement) for delay_decrement
    gd32e50x_it.o(.ARM.exidx.text.SysTick_Handler) refers to gd32e50x_it.o(.text.SysTick_Handler) for [Anonymous Symbol]
    main.o(.text.led_spark) refers to main.o(.bss.led_spark.timingdelaylocal) for led_spark.timingdelaylocal
    main.o(.text.led_spark) refers to gd32e507z_eval.o(.text.gd_eval_led_on) for gd_eval_led_on
    main.o(.text.led_spark) refers to gd32e507z_eval.o(.text.gd_eval_led_off) for gd_eval_led_off
    main.o(.ARM.exidx.text.led_spark) refers to main.o(.text.led_spark) for [Anonymous Symbol]
    main.o(.text.main) refers to systick.o(.text.systick_config) for systick_config
    main.o(.text.main) refers to gd32e507z_eval.o(.text.gd_eval_led_init) for gd_eval_led_init
    main.o(.text.main) refers to gd32e507z_eval.o(.text.gd_eval_com_init) for gd_eval_com_init
    main.o(.text.main) refers to gd32e507z_eval.o(.text.gd_eval_key_init) for gd_eval_key_init
    main.o(.text.main) refers to gd32e50x_rcu.o(.text.rcu_clock_freq_get) for rcu_clock_freq_get
    main.o(.text.main) refers to main.o(.rodata.str1.1) for .L.str
    main.o(.text.main) refers to printfa.o(i.__0printf) for printf
    main.o(.text.main) refers to gd32e507z_eval.o(.text.gd_eval_key_state_get) for gd_eval_key_state_get
    main.o(.text.main) refers to systick.o(.text.delay_1ms) for delay_1ms
    main.o(.text.main) refers to gd32e507z_eval.o(.text.gd_eval_led_toggle) for gd_eval_led_toggle
    main.o(.ARM.exidx.text.main) refers to main.o(.text.main) for [Anonymous Symbol]
    main.o(.text.fputc) refers to gd32e50x_usart.o(.text.usart_data_transmit) for usart_data_transmit
    main.o(.text.fputc) refers to gd32e50x_usart.o(.text.usart_flag_get) for usart_flag_get
    main.o(.ARM.exidx.text.fputc) refers to main.o(.text.fputc) for [Anonymous Symbol]
    systick.o(.text.systick_config) refers to system_gd32e50x.o(.data.SystemCoreClock) for SystemCoreClock
    systick.o(.text.systick_config) refers to systick.o(.text.SysTick_Config) for SysTick_Config
    systick.o(.text.systick_config) refers to systick.o(.text.__NVIC_SetPriority) for __NVIC_SetPriority
    systick.o(.ARM.exidx.text.systick_config) refers to systick.o(.text.systick_config) for [Anonymous Symbol]
    systick.o(.text.SysTick_Config) refers to systick.o(.text.__NVIC_SetPriority) for __NVIC_SetPriority
    systick.o(.ARM.exidx.text.SysTick_Config) refers to systick.o(.text.SysTick_Config) for [Anonymous Symbol]
    systick.o(.ARM.exidx.text.__NVIC_SetPriority) refers to systick.o(.text.__NVIC_SetPriority) for [Anonymous Symbol]
    systick.o(.text.delay_1ms) refers to systick.o(.bss.delay) for delay
    systick.o(.ARM.exidx.text.delay_1ms) refers to systick.o(.text.delay_1ms) for [Anonymous Symbol]
    systick.o(.text.delay_decrement) refers to systick.o(.bss.delay) for delay
    systick.o(.ARM.exidx.text.delay_decrement) refers to systick.o(.text.delay_decrement) for [Anonymous Symbol]
    system_gd32e50x.o(.text.SystemInit) refers to system_gd32e50x.o(.text.system_clock_config) for system_clock_config
    system_gd32e50x.o(.text.SystemInit) refers to gd32e50x_misc.o(.text.nvic_vector_table_set) for nvic_vector_table_set
    system_gd32e50x.o(.ARM.exidx.text.SystemInit) refers to system_gd32e50x.o(.text.SystemInit) for [Anonymous Symbol]
    system_gd32e50x.o(.text.system_clock_config) refers to system_gd32e50x.o(.text.system_clock_180m_hxtal) for system_clock_180m_hxtal
    system_gd32e50x.o(.ARM.exidx.text.system_clock_config) refers to system_gd32e50x.o(.text.system_clock_config) for [Anonymous Symbol]
    system_gd32e50x.o(.text.SystemCoreClockUpdate) refers to system_gd32e50x.o(.data.SystemCoreClock) for SystemCoreClock
    system_gd32e50x.o(.ARM.exidx.text.SystemCoreClockUpdate) refers to system_gd32e50x.o(.text.SystemCoreClockUpdate) for [Anonymous Symbol]
    system_gd32e50x.o(.ARM.exidx.text.system_clock_180m_hxtal) refers to system_gd32e50x.o(.text.system_clock_180m_hxtal) for [Anonymous Symbol]
    gd32e50x_adc.o(.text.adc_deinit) refers to gd32e50x_rcu.o(.text.rcu_periph_reset_enable) for rcu_periph_reset_enable
    gd32e50x_adc.o(.text.adc_deinit) refers to gd32e50x_rcu.o(.text.rcu_periph_reset_disable) for rcu_periph_reset_disable
[...]
    Removing gd32e50x_shrtimer.o(.text.shrtimer_slavetimer_capture_config), (64 bytes).
    Removing gd32e50x_shrtimer.o(.ARM.exidx.text.shrtimer_slavetimer_capture_config), (8 bytes).
    Removing gd32e50x_shrtimer.o(.text.shrtimer_slavetimer_capture_software), (74 bytes).
    Removing gd32e50x_shrtimer.o(.ARM.exidx.text.shrtimer_slavetimer_capture_software), (8 bytes).
    Removing gd32e50x_shrtimer.o(.text.shrtimer_slavetimer_capture_value_read), (68 bytes).
    Removing gd32e50x_shrtimer.o(.ARM.exidx.text.shrtimer_slavetimer_capture_value_read), (8 bytes).
    Removing gd32e50x_shrtimer.o(.text.shrtimer_adctrigcfg_struct_para_init), (18 bytes).
    Removing gd32e50x_shrtimer.o(.ARM.exidx.text.shrtimer_adctrigcfg_struct_para_init), (8 bytes).
    Removing gd32e50x_shrtimer.o(.text.shrtimer_adc_trigger_config), (174 bytes).
    Removing gd32e50x_shrtimer.o(.ARM.exidx.text.shrtimer_adc_trigger_config), (8 bytes).
    Removing gd32e50x_shrtimer.o(.text.shrtimer_timers_flag_get), (110 bytes).
    Removing gd32e50x_shrtimer.o(.ARM.exidx.text.shrtimer_timers_flag_get), (8 bytes).
    Removing gd32e50x_shrtimer.o(.text.shrtimer_timers_flag_clear), (66 bytes).
    Removing gd32e50x_shrtimer.o(.ARM.exidx.text.shrtimer_timers_flag_clear), (8 bytes).
    Removing gd32e50x_shrtimer.o(.text.shrtimer_common_flag_get), (44 bytes).
    Removing gd32e50x_shrtimer.o(.ARM.exidx.text.shrtimer_common_flag_get), (8 bytes).
    Removing gd32e50x_shrtimer.o(.text.shrtimer_common_flag_clear), (24 bytes).
    Removing gd32e50x_shrtimer.o(.ARM.exidx.text.shrtimer_common_flag_clear), (8 bytes).
    Removing gd32e50x_shrtimer.o(.text.shrtimer_timers_interrupt_enable), (66 bytes).
    Removing gd32e50x_shrtimer.o(.ARM.exidx.text.shrtimer_timers_interrupt_enable), (8 bytes).
    Removing gd32e50x_shrtimer.o(.text.shrtimer_timers_interrupt_disable), (66 bytes).
    Removing gd32e50x_shrtimer.o(.ARM.exidx.text.shrtimer_timers_interrupt_disable), (8 bytes).
    Removing gd32e50x_shrtimer.o(.text.shrtimer_timers_interrupt_flag_get), (162 bytes).
    Removing gd32e50x_shrtimer.o(.ARM.exidx.text.shrtimer_timers_interrupt_flag_get), (8 bytes).
    Removing gd32e50x_shrtimer.o(.text.shrtimer_timers_interrupt_flag_clear), (66 bytes).
    Removing gd32e50x_shrtimer.o(.ARM.exidx.text.shrtimer_timers_interrupt_flag_clear), (8 bytes).
    Removing gd32e50x_shrtimer.o(.text.shrtimer_common_interrupt_enable), (24 bytes).
    Removing gd32e50x_shrtimer.o(.ARM.exidx.text.shrtimer_common_interrupt_enable), (8 bytes).
    Removing gd32e50x_shrtimer.o(.text.shrtimer_common_interrupt_disable), (24 bytes).
    Removing gd32e50x_shrtimer.o(.ARM.exidx.text.shrtimer_common_interrupt_disable), (8 bytes).
    Removing gd32e50x_shrtimer.o(.text.shrtimer_common_interrupt_flag_get), (72 bytes).
    Removing gd32e50x_shrtimer.o(.ARM.exidx.text.shrtimer_common_interrupt_flag_get), (8 bytes).
    Removing gd32e50x_shrtimer.o(.text.shrtimer_common_interrupt_flag_clear), (24 bytes).
    Removing gd32e50x_shrtimer.o(.ARM.exidx.text.shrtimer_common_interrupt_flag_clear), (8 bytes).
    Removing gd32e50x_spi.o(.text), (0 bytes).
    Removing gd32e50x_spi.o(.text.spi_i2s_deinit), (116 bytes).
    Removing gd32e50x_spi.o(.ARM.exidx.text.spi_i2s_deinit), (8 bytes).
    Removing gd32e50x_spi.o(.text.spi_struct_para_init), (38 bytes).
    Removing gd32e50x_spi.o(.ARM.exidx.text.spi_struct_para_init), (8 bytes).
    Removing gd32e50x_spi.o(.text.spi_init), (114 bytes).
    Removing gd32e50x_spi.o(.ARM.exidx.text.spi_init), (8 bytes).
    Removing gd32e50x_spi.o(.text.spi_enable), (18 bytes).
    Removing gd32e50x_spi.o(.ARM.exidx.text.spi_enable), (8 bytes).
    Removing gd32e50x_spi.o(.text.spi_disable), (18 bytes).
    Removing gd32e50x_spi.o(.ARM.exidx.text.spi_disable), (8 bytes).
    Removing gd32e50x_spi.o(.text.i2s_init), (72 bytes).
    Removing gd32e50x_spi.o(.ARM.exidx.text.i2s_init), (8 bytes).
    Removing gd32e50x_spi.o(.text.i2s_psc_config), (430 bytes).
    Removing gd32e50x_spi.o(.ARM.exidx.text.i2s_psc_config), (8 bytes).
    Removing gd32e50x_spi.o(.text.i2s_enable), (18 bytes).
    Removing gd32e50x_spi.o(.ARM.exidx.text.i2s_enable), (8 bytes).
    Removing gd32e50x_spi.o(.text.i2s_disable), (18 bytes).
    Removing gd32e50x_spi.o(.ARM.exidx.text.i2s_disable), (8 bytes).
    Removing gd32e50x_spi.o(.text.spi_nss_output_enable), (18 bytes).
    Removing gd32e50x_spi.o(.ARM.exidx.text.spi_nss_output_enable), (8 bytes).
    Removing gd32e50x_spi.o(.text.spi_nss_output_disable), (18 bytes).
    Removing gd32e50x_spi.o(.ARM.exidx.text.spi_nss_output_disable), (8 bytes).
    Removing gd32e50x_spi.o(.text.spi_nss_internal_high), (18 bytes).
    Removing gd32e50x_spi.o(.ARM.exidx.text.spi_nss_internal_high), (8 bytes).
    Removing gd32e50x_spi.o(.text.spi_nss_internal_low), (18 bytes).
    Removing gd32e50x_spi.o(.ARM.exidx.text.spi_nss_internal_low), (8 bytes).
    Removing gd32e50x_spi.o(.text.spi_dma_enable), (44 bytes).
    Removing gd32e50x_spi.o(.ARM.exidx.text.spi_dma_enable), (8 bytes).
    Removing gd32e50x_spi.o(.text.spi_dma_disable), (44 bytes).
    Removing gd32e50x_spi.o(.ARM.exidx.text.spi_dma_disable), (8 bytes).
    Removing gd32e50x_spi.o(.text.spi_i2s_data_frame_format_config), (34 bytes).
    Removing gd32e50x_spi.o(.ARM.exidx.text.spi_i2s_data_frame_format_config), (8 bytes).
    Removing gd32e50x_spi.o(.text.spi_i2s_data_transmit), (20 bytes).
    Removing gd32e50x_spi.o(.ARM.exidx.text.spi_i2s_data_transmit), (8 bytes).
    Removing gd32e50x_spi.o(.text.spi_i2s_data_receive), (14 bytes).
    Removing gd32e50x_spi.o(.ARM.exidx.text.spi_i2s_data_receive), (8 bytes).
    Removing gd32e50x_spi.o(.text.spi_bidirectional_transfer_config), (44 bytes).
    Removing gd32e50x_spi.o(.ARM.exidx.text.spi_bidirectional_transfer_config), (8 bytes).
    Removing gd32e50x_spi.o(.text.spi_i2s_format_error_clear), (18 bytes).
    Removing gd32e50x_spi.o(.ARM.exidx.text.spi_i2s_format_error_clear), (8 bytes).
    Removing gd32e50x_spi.o(.text.spi_crc_polynomial_set), (30 bytes).
    Removing gd32e50x_spi.o(.ARM.exidx.text.spi_crc_polynomial_set), (8 bytes).
    Removing gd32e50x_spi.o(.text.spi_crc_polynomial_get), (14 bytes).
    Removing gd32e50x_spi.o(.ARM.exidx.text.spi_crc_polynomial_get), (8 bytes).
    Removing gd32e50x_spi.o(.text.spi_crc_on), (18 bytes).
    Removing gd32e50x_spi.o(.ARM.exidx.text.spi_crc_on), (8 bytes).
    Removing gd32e50x_spi.o(.text.spi_crc_off), (18 bytes).
    Removing gd32e50x_spi.o(.ARM.exidx.text.spi_crc_off), (8 bytes).
    Removing gd32e50x_spi.o(.text.spi_crc_next), (18 bytes).
    Removing gd32e50x_spi.o(.ARM.exidx.text.spi_crc_next), (8 bytes).
    Removing gd32e50x_spi.o(.text.spi_crc_get), (44 bytes).
    Removing gd32e50x_spi.o(.ARM.exidx.text.spi_crc_get), (8 bytes).
    Removing gd32e50x_spi.o(.text.spi_crc_error_clear), (18 bytes).
    Removing gd32e50x_spi.o(.ARM.exidx.text.spi_crc_error_clear), (8 bytes).
    Removing gd32e50x_spi.o(.text.spi_ti_mode_enable), (18 bytes).
    Removing gd32e50x_spi.o(.ARM.exidx.text.spi_ti_mode_enable), (8 bytes).
    Removing gd32e50x_spi.o(.text.spi_ti_mode_disable), (18 bytes).
    Removing gd32e50x_spi.o(.ARM.exidx.text.spi_ti_mode_disable), (8 bytes).
    Removing gd32e50x_spi.o(.text.spi_nssp_mode_enable), (18 bytes).
    Removing gd32e50x_spi.o(.ARM.exidx.text.spi_nssp_mode_enable), (8 bytes).
    Removing gd32e50x_spi.o(.text.spi_nssp_mode_disable), (18 bytes).
    Removing gd32e50x_spi.o(.ARM.exidx.text.spi_nssp_mode_disable), (8 bytes).
    Removing gd32e50x_spi.o(.text.i2s_full_duplex_mode_config), (114 bytes).
    Removing gd32e50x_spi.o(.ARM.exidx.text.i2s_full_duplex_mode_config), (8 bytes).
    Removing gd32e50x_spi.o(.text.spi_quad_enable), (22 bytes).
    Removing gd32e50x_spi.o(.ARM.exidx.text.spi_quad_enable), (8 bytes).
    Removing gd32e50x_spi.o(.text.spi_quad_disable), (22 bytes).
    Removing gd32e50x_spi.o(.ARM.exidx.text.spi_quad_disable), (8 bytes).
    Removing gd32e50x_spi.o(.text.spi_quad_write_enable), (22 bytes).
    Removing gd32e50x_spi.o(.ARM.exidx.text.spi_quad_write_enable), (8 bytes).
    Removing gd32e50x_spi.o(.text.spi_quad_read_enable), (22 bytes).
    Removing gd32e50x_spi.o(.ARM.exidx.text.spi_quad_read_enable), (8 bytes).
    Removing gd32e50x_spi.o(.text.spi_quad_output_enable), (22 bytes).
    Removing gd32e50x_spi.o(.ARM.exidx.text.spi_quad_output_enable), (8 bytes).
    Removing gd32e50x_spi.o(.text.spi_quad_io23_output_disable), (22 bytes).
    Removing gd32e50x_spi.o(.ARM.exidx.text.spi_quad_io23_output_disable), (8 bytes).
    Removing gd32e50x_spi.o(.text.spi_i2s_interrupt_enable), (24 bytes).
    Removing gd32e50x_spi.o(.ARM.exidx.text.spi_i2s_interrupt_enable), (8 bytes).
    Removing gd32e50x_spi.o(.text.spi_i2s_interrupt_disable), (24 bytes).
    Removing gd32e50x_spi.o(.ARM.exidx.text.spi_i2s_interrupt_disable), (8 bytes).
    Removing gd32e50x_spi.o(.text.spi_i2s_interrupt_flag_get), (210 bytes).
    Removing gd32e50x_spi.o(.ARM.exidx.text.spi_i2s_interrupt_flag_get), (8 bytes).
    Removing gd32e50x_spi.o(.text.spi_i2s_flag_get), (42 bytes).
    Removing gd32e50x_spi.o(.ARM.exidx.text.spi_i2s_flag_get), (8 bytes).
    Removing gd32e50x_sqpi.o(.text), (0 bytes).
    Removing gd32e50x_sqpi.o(.text.sqpi_deinit), (24 bytes).
    Removing gd32e50x_sqpi.o(.ARM.exidx.text.sqpi_deinit), (8 bytes).
    Removing gd32e50x_sqpi.o(.text.sqpi_struct_para_init), (42 bytes).
    Removing gd32e50x_sqpi.o(.ARM.exidx.text.sqpi_struct_para_init), (8 bytes).
    Removing gd32e50x_sqpi.o(.text.sqpi_init), (60 bytes).
    Removing gd32e50x_sqpi.o(.ARM.exidx.text.sqpi_init), (8 bytes).
    Removing gd32e50x_sqpi.o(.text.sqpi_read_id_command), (58 bytes).
    Removing gd32e50x_sqpi.o(.ARM.exidx.text.sqpi_read_id_command), (8 bytes).
    Removing gd32e50x_sqpi.o(.text.sqpi_special_command), (58 bytes).
    Removing gd32e50x_sqpi.o(.ARM.exidx.text.sqpi_special_command), (8 bytes).
    Removing gd32e50x_sqpi.o(.text.sqpi_read_command_config), (46 bytes).
    Removing gd32e50x_sqpi.o(.ARM.exidx.text.sqpi_read_command_config), (8 bytes).
    Removing gd32e50x_sqpi.o(.text.sqpi_write_command_config), (46 bytes).
    Removing gd32e50x_sqpi.o(.ARM.exidx.text.sqpi_write_command_config), (8 bytes).
    Removing gd32e50x_sqpi.o(.text.sqpi_low_id_receive), (24 bytes).
    Removing gd32e50x_sqpi.o(.ARM.exidx.text.sqpi_low_id_receive), (8 bytes).
    Removing gd32e50x_sqpi.o(.text.sqpi_high_id_receive), (24 bytes).
    Removing gd32e50x_sqpi.o(.ARM.exidx.text.sqpi_high_id_receive), (8 bytes).
    Removing gd32e50x_timer.o(.text), (0 bytes).
    Removing gd32e50x_timer.o(.text.timer_deinit), (490 bytes).
    Removing gd32e50x_timer.o(.ARM.exidx.text.timer_deinit), (8 bytes).
    Removing gd32e50x_timer.o(.text.timer_struct_para_init), (38 bytes).
    Removing gd32e50x_timer.o(.ARM.exidx.text.timer_struct_para_init), (8 bytes).
    Removing gd32e50x_timer.o(.text.timer_init), (272 bytes).
    Removing gd32e50x_timer.o(.ARM.exidx.text.timer_init), (8 bytes).
    Removing gd32e50x_timer.o(.text.timer_enable), (18 bytes).
    Removing gd32e50x_timer.o(.ARM.exidx.text.timer_enable), (8 bytes).
    Removing gd32e50x_timer.o(.text.timer_disable), (18 bytes).
    Removing gd32e50x_timer.o(.ARM.exidx.text.timer_disable), (8 bytes).
    Removing gd32e50x_timer.o(.text.timer_auto_reload_shadow_enable), (18 bytes).
    Removing gd32e50x_timer.o(.ARM.exidx.text.timer_auto_reload_shadow_enable), (8 bytes).
    Removing gd32e50x_timer.o(.text.timer_auto_reload_shadow_disable), (18 bytes).
    Removing gd32e50x_timer.o(.ARM.exidx.text.timer_auto_reload_shadow_disable), (8 bytes).
    Removing gd32e50x_timer.o(.text.timer_update_event_enable), (18 bytes).
    Removing gd32e50x_timer.o(.ARM.exidx.text.timer_update_event_enable), (8 bytes).
    Removing gd32e50x_timer.o(.text.timer_update_event_disable), (18 bytes).
    Removing gd32e50x_timer.o(.ARM.exidx.text.timer_update_event_disable), (8 bytes).
    Removing gd32e50x_timer.o(.text.timer_counter_alignment), (34 bytes).
    Removing gd32e50x_timer.o(.ARM.exidx.text.timer_counter_alignment), (8 bytes).
    Removing gd32e50x_timer.o(.text.timer_counter_up_direction), (18 bytes).
    Removing gd32e50x_timer.o(.ARM.exidx.text.timer_counter_up_direction), (8 bytes).
    Removing gd32e50x_timer.o(.text.timer_counter_down_direction), (18 bytes).
    Removing gd32e50x_timer.o(.ARM.exidx.text.timer_counter_down_direction), (8 bytes).
    Removing gd32e50x_timer.o(.text.timer_prescaler_config), (40 bytes).
    Removing gd32e50x_timer.o(.ARM.exidx.text.timer_prescaler_config), (8 bytes).
    Removing gd32e50x_timer.o(.text.timer_repetition_value_config), (20 bytes).
    Removing gd32e50x_timer.o(.ARM.exidx.text.timer_repetition_value_config), (8 bytes).
    Removing gd32e50x_timer.o(.text.timer_autoreload_value_config), (16 bytes).
    Removing gd32e50x_timer.o(.ARM.exidx.text.timer_autoreload_value_config), (8 bytes).
    Removing gd32e50x_timer.o(.text.timer_counter_value_config), (16 bytes).
    Removing gd32e50x_timer.o(.ARM.exidx.text.timer_counter_value_config), (8 bytes).
    Removing gd32e50x_timer.o(.text.timer_counter_read), (20 bytes).
    Removing gd32e50x_timer.o(.ARM.exidx.text.timer_counter_read), (8 bytes).
    Removing gd32e50x_timer.o(.text.timer_prescaler_read), (26 bytes).
    Removing gd32e50x_timer.o(.ARM.exidx.text.timer_prescaler_read), (8 bytes).
    Removing gd32e50x_timer.o(.text.timer_single_pulse_mode_config), (52 bytes).
    Removing gd32e50x_timer.o(.ARM.exidx.text.timer_single_pulse_mode_config), (8 bytes).
    Removing gd32e50x_timer.o(.text.timer_update_source_config), (52 bytes).
    Removing gd32e50x_timer.o(.ARM.exidx.text.timer_update_source_config), (8 bytes).
    Removing gd32e50x_timer.o(.text.timer_dma_enable), (24 bytes).
    Removing gd32e50x_timer.o(.ARM.exidx.text.timer_dma_enable), (8 bytes).
    Removing gd32e50x_timer.o(.text.timer_dma_disable), (24 bytes).
    Removing gd32e50x_timer.o(.ARM.exidx.text.timer_dma_disable), (8 bytes).
    Removing gd32e50x_timer.o(.text.timer_channel_dma_request_source_select), (52 bytes).
    Removing gd32e50x_timer.o(.ARM.exidx.text.timer_channel_dma_request_source_select), (8 bytes).
    Removing gd32e50x_timer.o(.text.timer_dma_transfer_config), (40 bytes).
    Removing gd32e50x_timer.o(.ARM.exidx.text.timer_dma_transfer_config), (8 bytes).
    Removing gd32e50x_timer.o(.text.timer_event_software_generate), (24 bytes).
    Removing gd32e50x_timer.o(.ARM.exidx.text.timer_event_software_generate), (8 bytes).
    Removing gd32e50x_timer.o(.text.timer_break_struct_para_init), (38 bytes).
    Removing gd32e50x_timer.o(.ARM.exidx.text.timer_break_struct_para_init), (8 bytes).
    Removing gd32e50x_timer.o(.text.timer_break_config), (42 bytes).
    Removing gd32e50x_timer.o(.ARM.exidx.text.timer_break_config), (8 bytes).
    Removing gd32e50x_timer.o(.text.timer_break_enable), (18 bytes).
    Removing gd32e50x_timer.o(.ARM.exidx.text.timer_break_enable), (8 bytes).
    Removing gd32e50x_timer.o(.text.timer_break_disable), (18 bytes).
    Removing gd32e50x_timer.o(.ARM.exidx.text.timer_break_disable), (8 bytes).
    Removing gd32e50x_timer.o(.text.timer_automatic_output_enable), (18 bytes).
    Removing gd32e50x_timer.o(.ARM.exidx.text.timer_automatic_output_enable), (8 bytes).
    Removing gd32e50x_timer.o(.text.timer_automatic_output_disable), (18 bytes).
    Removing gd32e50x_timer.o(.ARM.exidx.text.timer_automatic_output_disable), (8 bytes).
    Removing gd32e50x_timer.o(.text.timer_primary_output_config), (46 bytes).
    Removing gd32e50x_timer.o(.ARM.exidx.text.timer_primary_output_config), (8 bytes).
    Removing gd32e50x_timer.o(.text.timer_channel_control_shadow_config), (46 bytes).
    Removing gd32e50x_timer.o(.ARM.exidx.text.timer_channel_control_shadow_config), (8 bytes).
    Removing gd32e50x_timer.o(.text.timer_channel_control_shadow_update_config), (52 bytes).
    Removing gd32e50x_timer.o(.ARM.exidx.text.timer_channel_control_shadow_update_config), (8 bytes).
    Removing gd32e50x_timer.o(.text.timer_channel_output_struct_para_init), (34 bytes).
    Removing gd32e50x_timer.o(.ARM.exidx.text.timer_channel_output_struct_para_init), (8 bytes).
    Removing gd32e50x_timer.o(.text.timer_channel_output_config), (720 bytes).
    Removing gd32e50x_timer.o(.ARM.exidx.text.timer_channel_output_config), (8 bytes).
    Removing gd32e50x_timer.o(.text.timer_channel_output_mode_config), (140 bytes).
    Removing gd32e50x_timer.o(.ARM.exidx.text.timer_channel_output_mode_config), (8 bytes).
    Removing gd32e50x_timer.o(.text.timer_channel_output_pulse_value_config), (70 bytes).
    Removing gd32e50x_timer.o(.ARM.exidx.text.timer_channel_output_pulse_value_config), (8 bytes).
    Removing gd32e50x_timer.o(.text.timer_channel_output_shadow_config), (140 bytes).
    Removing gd32e50x_timer.o(.ARM.exidx.text.timer_channel_output_shadow_config), (8 bytes).
    Removing gd32e50x_timer.o(.text.timer_channel_output_fast_config), (140 bytes).
    Removing gd32e50x_timer.o(.ARM.exidx.text.timer_channel_output_fast_config), (8 bytes).
    Removing gd32e50x_timer.o(.text.timer_channel_output_clear_config), (140 bytes).
    Removing gd32e50x_timer.o(.ARM.exidx.text.timer_channel_output_clear_config), (8 bytes).
    Removing gd32e50x_timer.o(.text.timer_channel_output_polarity_config), (142 bytes).
    Removing gd32e50x_timer.o(.ARM.exidx.text.timer_channel_output_polarity_config), (8 bytes).
    Removing gd32e50x_timer.o(.text.timer_channel_complementary_output_polarity_config), (122 bytes).
    Removing gd32e50x_timer.o(.ARM.exidx.text.timer_channel_complementary_output_polarity_config), (8 bytes).
    Removing gd32e50x_timer.o(.text.timer_channel_output_state_config), (132 bytes).
    Removing gd32e50x_timer.o(.ARM.exidx.text.timer_channel_output_state_config), (8 bytes).
    Removing gd32e50x_timer.o(.text.timer_channel_complementary_output_state_config), (122 bytes).
    Removing gd32e50x_timer.o(.ARM.exidx.text.timer_channel_complementary_output_state_config), (8 bytes).
    Removing gd32e50x_timer.o(.text.timer_channel_input_struct_para_init), (28 bytes).
    Removing gd32e50x_timer.o(.ARM.exidx.text.timer_channel_input_struct_para_init), (8 bytes).
    Removing gd32e50x_timer.o(.text.timer_input_capture_config), (426 bytes).
    Removing gd32e50x_timer.o(.ARM.exidx.text.timer_input_capture_config), (8 bytes).
    Removing gd32e50x_timer.o(.text.timer_channel_input_capture_prescaler_config), (140 bytes).
    Removing gd32e50x_timer.o(.ARM.exidx.text.timer_channel_input_capture_prescaler_config), (8 bytes).
    Removing gd32e50x_timer.o(.text.timer_channel_capture_value_register_read), (74 bytes).
    Removing gd32e50x_timer.o(.ARM.exidx.text.timer_channel_capture_value_register_read), (8 bytes).
    Removing gd32e50x_timer.o(.text.timer_input_pwm_capture_config), (498 bytes).
    Removing gd32e50x_timer.o(.ARM.exidx.text.timer_input_pwm_capture_config), (8 bytes).
    Removing gd32e50x_timer.o(.text.timer_hall_mode_config), (52 bytes).
    Removing gd32e50x_timer.o(.ARM.exidx.text.timer_hall_mode_config), (8 bytes).
    Removing gd32e50x_timer.o(.text.timer_input_trigger_source_select), (30 bytes).
    Removing gd32e50x_timer.o(.ARM.exidx.text.timer_input_trigger_source_select), (8 bytes).
    Removing gd32e50x_timer.o(.text.timer_master_output_trigger_source_select), (30 bytes).
    Removing gd32e50x_timer.o(.ARM.exidx.text.timer_master_output_trigger_source_select), (8 bytes).
    Removing gd32e50x_timer.o(.text.timer_slave_mode_select), (30 bytes).
    Removing gd32e50x_timer.o(.ARM.exidx.text.timer_slave_mode_select), (8 bytes).
    Removing gd32e50x_timer.o(.text.timer_master_slave_mode_config), (52 bytes).
    Removing gd32e50x_timer.o(.ARM.exidx.text.timer_master_slave_mode_config), (8 bytes).
    Removing gd32e50x_timer.o(.text.timer_external_trigger_config), (52 bytes).
    Removing gd32e50x_timer.o(.ARM.exidx.text.timer_external_trigger_config), (8 bytes).
    Removing gd32e50x_timer.o(.text.timer_quadrature_decoder_mode_config), (102 bytes).
    Removing gd32e50x_timer.o(.ARM.exidx.text.timer_quadrature_decoder_mode_config), (8 bytes).
    Removing gd32e50x_timer.o(.text.timer_internal_clock_config), (18 bytes).
    Removing gd32e50x_timer.o(.ARM.exidx.text.timer_internal_clock_config), (8 bytes).
    Removing gd32e50x_timer.o(.text.timer_internal_trigger_as_external_clock_config), (40 bytes).
    Removing gd32e50x_timer.o(.ARM.exidx.text.timer_internal_trigger_as_external_clock_config), (8 bytes).
    Removing gd32e50x_timer.o(.text.timer_external_trigger_as_external_clock_config), (228 bytes).
    Removing gd32e50x_timer.o(.ARM.exidx.text.timer_external_trigger_as_external_clock_config), (8 bytes).
    Removing gd32e50x_timer.o(.text.timer_external_clock_mode0_config), (48 bytes).
    Removing gd32e50x_timer.o(.ARM.exidx.text.timer_external_clock_mode0_config), (8 bytes).
    Removing gd32e50x_timer.o(.text.timer_external_clock_mode1_config), (38 bytes).
    Removing gd32e50x_timer.o(.ARM.exidx.text.timer_external_clock_mode1_config), (8 bytes).
    Removing gd32e50x_timer.o(.text.timer_external_clock_mode1_disable), (18 bytes).
    Removing gd32e50x_timer.o(.ARM.exidx.text.timer_external_clock_mode1_disable), (8 bytes).
    Removing gd32e50x_timer.o(.text.timer_write_chxval_register_config), (66 bytes).
    Removing gd32e50x_timer.o(.ARM.exidx.text.timer_write_chxval_register_config), (8 bytes).
    Removing gd32e50x_timer.o(.text.timer_output_value_selection_config), (66 bytes).
    Removing gd32e50x_timer.o(.ARM.exidx.text.timer_output_value_selection_config), (8 bytes).
    Removing gd32e50x_timer.o(.text.timer_flag_get), (42 bytes).
    Removing gd32e50x_timer.o(.ARM.exidx.text.timer_flag_get), (8 bytes).
    Removing gd32e50x_timer.o(.text.timer_flag_clear), (18 bytes).
    Removing gd32e50x_timer.o(.ARM.exidx.text.timer_flag_clear), (8 bytes).
    Removing gd32e50x_timer.o(.text.timer_interrupt_enable), (20 bytes).
    Removing gd32e50x_timer.o(.ARM.exidx.text.timer_interrupt_enable), (8 bytes).
    Removing gd32e50x_timer.o(.text.timer_interrupt_disable), (20 bytes).
    Removing gd32e50x_timer.o(.ARM.exidx.text.timer_interrupt_disable), (8 bytes).
    Removing gd32e50x_timer.o(.text.timer_interrupt_flag_get), (58 bytes).
    Removing gd32e50x_timer.o(.ARM.exidx.text.timer_interrupt_flag_get), (8 bytes).
    Removing gd32e50x_timer.o(.text.timer_interrupt_flag_clear), (18 bytes).
    Removing gd32e50x_timer.o(.ARM.exidx.text.timer_interrupt_flag_clear), (8 bytes).
    Removing gd32e50x_tmu.o(.text), (0 bytes).
    Removing gd32e50x_tmu.o(.text.tmu_deinit), (24 bytes).
    Removing gd32e50x_tmu.o(.ARM.exidx.text.tmu_deinit), (8 bytes).
    Removing gd32e50x_tmu.o(.text.tmu_enable), (16 bytes).
    Removing gd32e50x_tmu.o(.ARM.exidx.text.tmu_enable), (8 bytes).
    Removing gd32e50x_tmu.o(.text.tmu_mode_set), (30 bytes).
    Removing gd32e50x_tmu.o(.ARM.exidx.text.tmu_mode_set), (8 bytes).
    Removing gd32e50x_tmu.o(.text.tmu_idata0_write), (24 bytes).
    Removing gd32e50x_tmu.o(.ARM.exidx.text.tmu_idata0_write), (8 bytes).
    Removing gd32e50x_tmu.o(.text.tmu_idata1_write), (24 bytes).
    Removing gd32e50x_tmu.o(.ARM.exidx.text.tmu_idata1_write), (8 bytes).
    Removing gd32e50x_tmu.o(.text.tmu_data0_read), (18 bytes).
    Removing gd32e50x_tmu.o(.ARM.exidx.text.tmu_data0_read), (8 bytes).
    Removing gd32e50x_tmu.o(.text.tmu_data1_read), (18 bytes).
    Removing gd32e50x_tmu.o(.ARM.exidx.text.tmu_data1_read), (8 bytes).
    Removing gd32e50x_tmu.o(.text.tmu_interrupt_enable), (24 bytes).
    Removing gd32e50x_tmu.o(.ARM.exidx.text.tmu_interrupt_enable), (8 bytes).
    Removing gd32e50x_tmu.o(.text.tmu_interrupt_disable), (16 bytes).
    Removing gd32e50x_tmu.o(.ARM.exidx.text.tmu_interrupt_disable), (8 bytes).
    Removing gd32e50x_tmu.o(.text.tmu_flag_get), (44 bytes).
    Removing gd32e50x_tmu.o(.ARM.exidx.text.tmu_flag_get), (8 bytes).
    Removing gd32e50x_tmu.o(.text.tmu_interrupt_flag_get), (50 bytes).
    Removing gd32e50x_tmu.o(.ARM.exidx.text.tmu_interrupt_flag_get), (8 bytes).
    Removing gd32e50x_usart.o(.text), (0 bytes).
    Removing gd32e50x_usart.o(.ARM.exidx.text.usart_deinit), (8 bytes).
    Removing gd32e50x_usart.o(.ARM.exidx.text.usart_baudrate_set), (8 bytes).
    Removing gd32e50x_usart.o(.text.usart_parity_config), (88 bytes).
    Removing gd32e50x_usart.o(.ARM.exidx.text.usart_parity_config), (8 bytes).
    Removing gd32e50x_usart.o(.text.usart_word_length_set), (88 bytes).
    Removing gd32e50x_usart.o(.ARM.exidx.text.usart_word_length_set), (8 bytes).
    Removing gd32e50x_usart.o(.text.usart_stop_bit_set), (88 bytes).
    Removing gd32e50x_usart.o(.ARM.exidx.text.usart_stop_bit_set), (8 bytes).
    Removing gd32e50x_usart.o(.ARM.exidx.text.usart_enable), (8 bytes).
    Removing gd32e50x_usart.o(.text.usart_disable), (48 bytes).
    Removing gd32e50x_usart.o(.ARM.exidx.text.usart_disable), (8 bytes).
    Removing gd32e50x_usart.o(.ARM.exidx.text.usart_transmit_config), (8 bytes).
    Removing gd32e50x_usart.o(.ARM.exidx.text.usart_receive_config), (8 bytes).
    Removing gd32e50x_usart.o(.text.usart_oversample_config), (88 bytes).
    Removing gd32e50x_usart.o(.ARM.exidx.text.usart_oversample_config), (8 bytes).
    Removing gd32e50x_usart.o(.text.usart_sample_bit_config), (88 bytes).
    Removing gd32e50x_usart.o(.ARM.exidx.text.usart_sample_bit_config), (8 bytes).
    Removing gd32e50x_usart.o(.text.usart_receiver_timeout_enable), (52 bytes).
    Removing gd32e50x_usart.o(.ARM.exidx.text.usart_receiver_timeout_enable), (8 bytes).
    Removing gd32e50x_usart.o(.text.usart_receiver_timeout_disable), (52 bytes).
    Removing gd32e50x_usart.o(.ARM.exidx.text.usart_receiver_timeout_disable), (8 bytes).
    Removing gd32e50x_usart.o(.text.usart_receiver_timeout_threshold_config), (86 bytes).
    Removing gd32e50x_usart.o(.ARM.exidx.text.usart_receiver_timeout_threshold_config), (8 bytes).
    Removing gd32e50x_usart.o(.ARM.exidx.text.usart_data_transmit), (8 bytes).
    Removing gd32e50x_usart.o(.text.usart_data_receive), (56 bytes).
    Removing gd32e50x_usart.o(.ARM.exidx.text.usart_data_receive), (8 bytes).
    Removing gd32e50x_usart.o(.text.usart_mute_mode_enable), (48 bytes).
    Removing gd32e50x_usart.o(.ARM.exidx.text.usart_mute_mode_enable), (8 bytes).
    Removing gd32e50x_usart.o(.text.usart_mute_mode_disable), (48 bytes).
    Removing gd32e50x_usart.o(.ARM.exidx.text.usart_mute_mode_disable), (8 bytes).
    Removing gd32e50x_usart.o(.text.usart_mute_mode_wakeup_config), (88 bytes).
    Removing gd32e50x_usart.o(.ARM.exidx.text.usart_mute_mode_wakeup_config), (8 bytes).
    Removing gd32e50x_usart.o(.text.usart_lin_mode_enable), (58 bytes).
    Removing gd32e50x_usart.o(.ARM.exidx.text.usart_lin_mode_enable), (8 bytes).
    Removing gd32e50x_usart.o(.text.usart_lin_mode_disable), (58 bytes).
    Removing gd32e50x_usart.o(.ARM.exidx.text.usart_lin_mode_disable), (8 bytes).
    Removing gd32e50x_usart.o(.text.usart_lin_break_detection_length_config), (88 bytes).
    Removing gd32e50x_usart.o(.ARM.exidx.text.usart_lin_break_detection_length_config), (8 bytes).
    Removing gd32e50x_usart.o(.text.usart_halfduplex_enable), (58 bytes).
    Removing gd32e50x_usart.o(.ARM.exidx.text.usart_halfduplex_enable), (8 bytes).
    Removing gd32e50x_usart.o(.text.usart_halfduplex_disable), (58 bytes).
    Removing gd32e50x_usart.o(.ARM.exidx.text.usart_halfduplex_disable), (8 bytes).
    Removing gd32e50x_usart.o(.text.usart_synchronous_clock_enable), (58 bytes).
    Removing gd32e50x_usart.o(.ARM.exidx.text.usart_synchronous_clock_enable), (8 bytes).
    Removing gd32e50x_usart.o(.text.usart_synchronous_clock_disable), (58 bytes).
    Removing gd32e50x_usart.o(.ARM.exidx.text.usart_synchronous_clock_disable), (8 bytes).
    Removing gd32e50x_usart.o(.text.usart_synchronous_clock_config), (124 bytes).
    Removing gd32e50x_usart.o(.ARM.exidx.text.usart_synchronous_clock_config), (8 bytes).
    Removing gd32e50x_usart.o(.text.usart_guard_time_config), (90 bytes).
    Removing gd32e50x_usart.o(.ARM.exidx.text.usart_guard_time_config), (8 bytes).
    Removing gd32e50x_usart.o(.text.usart_smartcard_mode_enable), (58 bytes).
    Removing gd32e50x_usart.o(.ARM.exidx.text.usart_smartcard_mode_enable), (8 bytes).
    Removing gd32e50x_usart.o(.text.usart_smartcard_mode_disable), (58 bytes).
    Removing gd32e50x_usart.o(.ARM.exidx.text.usart_smartcard_mode_disable), (8 bytes).
    Removing gd32e50x_usart.o(.text.usart_smartcard_mode_nack_enable), (58 bytes).
    Removing gd32e50x_usart.o(.ARM.exidx.text.usart_smartcard_mode_nack_enable), (8 bytes).
    Removing gd32e50x_usart.o(.text.usart_smartcard_mode_nack_disable), (58 bytes).
    Removing gd32e50x_usart.o(.ARM.exidx.text.usart_smartcard_mode_nack_disable), (8 bytes).
    Removing gd32e50x_usart.o(.text.usart_smartcard_autoretry_config), (106 bytes).
    Removing gd32e50x_usart.o(.ARM.exidx.text.usart_smartcard_autoretry_config), (8 bytes).
    Removing gd32e50x_usart.o(.text.usart_block_length_config), (88 bytes).
    Removing gd32e50x_usart.o(.ARM.exidx.text.usart_block_length_config), (8 bytes).
    Removing gd32e50x_usart.o(.text.usart_irda_mode_enable), (58 bytes).
    Removing gd32e50x_usart.o(.ARM.exidx.text.usart_irda_mode_enable), (8 bytes).
    Removing gd32e50x_usart.o(.text.usart_irda_mode_disable), (58 bytes).
    Removing gd32e50x_usart.o(.ARM.exidx.text.usart_irda_mode_disable), (8 bytes).
    Removing gd32e50x_usart.o(.text.usart_prescaler_config), (86 bytes).
    Removing gd32e50x_usart.o(.ARM.exidx.text.usart_prescaler_config), (8 bytes).
    Removing gd32e50x_usart.o(.text.usart_irda_lowpower_config), (88 bytes).
    Removing gd32e50x_usart.o(.ARM.exidx.text.usart_irda_lowpower_config), (8 bytes).
    Removing gd32e50x_usart.o(.text.usart_dma_receive_config), (96 bytes).
    Removing gd32e50x_usart.o(.ARM.exidx.text.usart_dma_receive_config), (8 bytes).
    Removing gd32e50x_usart.o(.text.usart_dma_transmit_config), (96 bytes).
    Removing gd32e50x_usart.o(.ARM.exidx.text.usart_dma_transmit_config), (8 bytes).
    Removing gd32e50x_usart.o(.text.usart_hardware_flow_rts_config), (34 bytes).
    Removing gd32e50x_usart.o(.ARM.exidx.text.usart_hardware_flow_rts_config), (8 bytes).
    Removing gd32e50x_usart.o(.text.usart_hardware_flow_cts_config), (34 bytes).
    Removing gd32e50x_usart.o(.ARM.exidx.text.usart_hardware_flow_cts_config), (8 bytes).
    Removing gd32e50x_usart.o(.text.usart_data_first_config), (50 bytes).
    Removing gd32e50x_usart.o(.ARM.exidx.text.usart_data_first_config), (8 bytes).
    Removing gd32e50x_usart.o(.text.usart_invert_config), (134 bytes).
    Removing gd32e50x_usart.o(.ARM.exidx.text.usart_invert_config), (8 bytes).
    Removing gd32e50x_usart.o(.text.usart_address_config), (38 bytes).
    Removing gd32e50x_usart.o(.ARM.exidx.text.usart_address_config), (8 bytes).
    Removing gd32e50x_usart.o(.text.usart_send_break), (18 bytes).
    Removing gd32e50x_usart.o(.ARM.exidx.text.usart_send_break), (8 bytes).
    Removing gd32e50x_usart.o(.text.usart_collision_detected_interrupt_enable), (22 bytes).
    Removing gd32e50x_usart.o(.ARM.exidx.text.usart_collision_detected_interrupt_enable), (8 bytes).
    Removing gd32e50x_usart.o(.text.usart_collision_detected_interrupt_disable), (22 bytes).
    Removing gd32e50x_usart.o(.ARM.exidx.text.usart_collision_detected_interrupt_disable), (8 bytes).
    Removing gd32e50x_usart.o(.text.usart_collision_detection_enable), (22 bytes).
    Removing gd32e50x_usart.o(.ARM.exidx.text.usart_collision_detection_enable), (8 bytes).
    Removing gd32e50x_usart.o(.text.usart_collision_detection_disable), (22 bytes).
    Removing gd32e50x_usart.o(.ARM.exidx.text.usart_collision_detection_disable), (8 bytes).
    Removing gd32e50x_usart.o(.ARM.exidx.text.usart_flag_get), (8 bytes).
    Removing gd32e50x_usart.o(.text.usart_flag_clear), (74 bytes).
    Removing gd32e50x_usart.o(.ARM.exidx.text.usart_flag_clear), (8 bytes).
    Removing gd32e50x_usart.o(.text.usart_interrupt_enable), (36 bytes).
    Removing gd32e50x_usart.o(.ARM.exidx.text.usart_interrupt_enable), (8 bytes).
    Removing gd32e50x_usart.o(.text.usart_interrupt_disable), (36 bytes).
    Removing gd32e50x_usart.o(.ARM.exidx.text.usart_interrupt_disable), (8 bytes).
    Removing gd32e50x_usart.o(.text.usart_interrupt_flag_get), (94 bytes).
    Removing gd32e50x_usart.o(.ARM.exidx.text.usart_interrupt_flag_get), (8 bytes).
    Removing gd32e50x_usart.o(.text.usart_interrupt_flag_clear), (28 bytes).
    Removing gd32e50x_usart.o(.ARM.exidx.text.usart_interrupt_flag_clear), (8 bytes).
    Removing gd32e50x_usart.o(.text.usart5_data_first_config), (56 bytes).
    Removing gd32e50x_usart.o(.ARM.exidx.text.usart5_data_first_config), (8 bytes).
    Removing gd32e50x_usart.o(.text.usart5_invert_config), (136 bytes).
    Removing gd32e50x_usart.o(.ARM.exidx.text.usart5_invert_config), (8 bytes).
    Removing gd32e50x_usart.o(.text.usart5_overrun_enable), (28 bytes).
    Removing gd32e50x_usart.o(.ARM.exidx.text.usart5_overrun_enable), (8 bytes).
    Removing gd32e50x_usart.o(.text.usart5_overrun_disable), (28 bytes).
    Removing gd32e50x_usart.o(.ARM.exidx.text.usart5_overrun_disable), (8 bytes).
    Removing gd32e50x_usart.o(.text.usart5_address_config), (46 bytes).
    Removing gd32e50x_usart.o(.ARM.exidx.text.usart5_address_config), (8 bytes).
    Removing gd32e50x_usart.o(.text.usart5_address_detection_mode_config), (44 bytes).
    Removing gd32e50x_usart.o(.ARM.exidx.text.usart5_address_detection_mode_config), (8 bytes).
    Removing gd32e50x_usart.o(.text.usart5_smartcard_mode_early_nack_enable), (22 bytes).
    Removing gd32e50x_usart.o(.ARM.exidx.text.usart5_smartcard_mode_early_nack_enable), (8 bytes).
    Removing gd32e50x_usart.o(.text.usart5_smartcard_mode_early_nack_disable), (22 bytes).
    Removing gd32e50x_usart.o(.ARM.exidx.text.usart5_smartcard_mode_early_nack_disable), (8 bytes).
    Removing gd32e50x_usart.o(.text.usart5_reception_error_dma_enable), (28 bytes).
    Removing gd32e50x_usart.o(.ARM.exidx.text.usart5_reception_error_dma_enable), (8 bytes).
    Removing gd32e50x_usart.o(.text.usart5_reception_error_dma_disable), (28 bytes).
    Removing gd32e50x_usart.o(.ARM.exidx.text.usart5_reception_error_dma_disable), (8 bytes).
    Removing gd32e50x_usart.o(.text.usart5_wakeup_enable), (18 bytes).
    Removing gd32e50x_usart.o(.ARM.exidx.text.usart5_wakeup_enable), (8 bytes).
    Removing gd32e50x_usart.o(.text.usart5_wakeup_disable), (18 bytes).
    Removing gd32e50x_usart.o(.ARM.exidx.text.usart5_wakeup_disable), (8 bytes).
    Removing gd32e50x_usart.o(.text.usart5_wakeup_mode_config), (44 bytes).
    Removing gd32e50x_usart.o(.ARM.exidx.text.usart5_wakeup_mode_config), (8 bytes).
    Removing gd32e50x_usart.o(.text.usart5_receive_fifo_enable), (22 bytes).
    Removing gd32e50x_usart.o(.ARM.exidx.text.usart5_receive_fifo_enable), (8 bytes).
    Removing gd32e50x_usart.o(.text.usart5_receive_fifo_disable), (22 bytes).
    Removing gd32e50x_usart.o(.ARM.exidx.text.usart5_receive_fifo_disable), (8 bytes).
    Removing gd32e50x_usart.o(.text.usart5_receive_fifo_counter_number), (18 bytes).
    Removing gd32e50x_usart.o(.ARM.exidx.text.usart5_receive_fifo_counter_number), (8 bytes).
    Removing gd32e50x_usart.o(.text.usart5_flag_get), (58 bytes).
    Removing gd32e50x_usart.o(.ARM.exidx.text.usart5_flag_get), (8 bytes).
    Removing gd32e50x_usart.o(.text.usart5_flag_clear), (34 bytes).
    Removing gd32e50x_usart.o(.ARM.exidx.text.usart5_flag_clear), (8 bytes).
    Removing gd32e50x_usart.o(.text.usart5_interrupt_enable), (36 bytes).
    Removing gd32e50x_usart.o(.ARM.exidx.text.usart5_interrupt_enable), (8 bytes).
    Removing gd32e50x_usart.o(.text.usart5_interrupt_disable), (36 bytes).
    Removing gd32e50x_usart.o(.ARM.exidx.text.usart5_interrupt_disable), (8 bytes).
    Removing gd32e50x_usart.o(.text.usart5_command_enable), (20 bytes).
    Removing gd32e50x_usart.o(.ARM.exidx.text.usart5_command_enable), (8 bytes).
    Removing gd32e50x_usart.o(.text.usart5_interrupt_flag_get), (94 bytes).
    Removing gd32e50x_usart.o(.ARM.exidx.text.usart5_interrupt_flag_get), (8 bytes).
    Removing gd32e50x_usart.o(.text.usart5_interrupt_flag_clear), (64 bytes).
    Removing gd32e50x_usart.o(.ARM.exidx.text.usart5_interrupt_flag_clear), (8 bytes).
    Removing gd32e50x_wwdgt.o(.text), (0 bytes).
    Removing gd32e50x_wwdgt.o(.text.wwdgt_deinit), (24 bytes).
    Removing gd32e50x_wwdgt.o(.ARM.exidx.text.wwdgt_deinit), (8 bytes).
    Removing gd32e50x_wwdgt.o(.text.wwdgt_enable), (18 bytes).
    Removing gd32e50x_wwdgt.o(.ARM.exidx.text.wwdgt_enable), (8 bytes).
    Removing gd32e50x_wwdgt.o(.text.wwdgt_counter_update), (28 bytes).
    Removing gd32e50x_wwdgt.o(.ARM.exidx.text.wwdgt_counter_update), (8 bytes).
    Removing gd32e50x_wwdgt.o(.text.wwdgt_config), (56 bytes).
    Removing gd32e50x_wwdgt.o(.ARM.exidx.text.wwdgt_config), (8 bytes).
    Removing gd32e50x_wwdgt.o(.text.wwdgt_flag_get), (42 bytes).
    Removing gd32e50x_wwdgt.o(.ARM.exidx.text.wwdgt_flag_get), (8 bytes).
    Removing gd32e50x_wwdgt.o(.text.wwdgt_flag_clear), (14 bytes).
    Removing gd32e50x_wwdgt.o(.ARM.exidx.text.wwdgt_flag_clear), (8 bytes).
    Removing gd32e50x_wwdgt.o(.text.wwdgt_interrupt_enable), (18 bytes).
    Removing gd32e50x_wwdgt.o(.ARM.exidx.text.wwdgt_interrupt_enable), (8 bytes).
    Removing startup_gd32e50x_cl.o(HEAP), (1024 bytes).
    Removing gd32e507z_eval.o(.text), (0 bytes).
    Removing gd32e507z_eval.o(.ARM.exidx.text.gd_eval_led_init), (8 bytes).
    Removing gd32e507z_eval.o(.ARM.exidx.text.gd_eval_led_on), (8 bytes).
    Removing gd32e507z_eval.o(.ARM.exidx.text.gd_eval_led_off), (8 bytes).
    Removing gd32e507z_eval.o(.ARM.exidx.text.gd_eval_led_toggle), (8 bytes).
    Removing gd32e507z_eval.o(.ARM.exidx.text.gd_eval_key_init), (8 bytes).
    Removing gd32e507z_eval.o(.ARM.exidx.text.gd_eval_key_state_get), (8 bytes).
    Removing gd32e507z_eval.o(.ARM.exidx.text.gd_eval_com_init), (8 bytes).

1815 unused section(s) (total 86995 bytes) removed from the image.

==============================================================================

Image Symbol Table

    Local Symbols

    Symbol Name                              Value     Ov Type        Size  Object(Section)

    ../clib/division.s                       0x00000000   Number         0  aeabi_sdiv.o ABSOLUTE
    ../clib/microlib/division.c              0x00000000   Number         0  uldiv.o ABSOLUTE
    ../clib/microlib/division.c              0x00000000   Number         0  uidiv.o ABSOLUTE
    ../clib/microlib/init/entry.s            0x00000000   Number         0  entry.o ABSOLUTE
    ../clib/microlib/init/entry.s            0x00000000   Number         0  entry2.o ABSOLUTE
    ../clib/microlib/init/entry.s            0x00000000   Number         0  entry5.o ABSOLUTE
    ../clib/microlib/init/entry.s            0x00000000   Number         0  entry7a.o ABSOLUTE
    ../clib/microlib/init/entry.s            0x00000000   Number         0  entry7b.o ABSOLUTE
    ../clib/microlib/init/entry.s            0x00000000   Number         0  entry8a.o ABSOLUTE
    ../clib/microlib/init/entry.s            0x00000000   Number         0  entry8b.o ABSOLUTE
    ../clib/microlib/init/entry.s            0x00000000   Number         0  entry9a.o ABSOLUTE
    ../clib/microlib/init/entry.s            0x00000000   Number         0  entry9b.o ABSOLUTE
    ../clib/microlib/init/entry.s            0x00000000   Number         0  entry10a.o ABSOLUTE
    ../clib/microlib/init/entry.s            0x00000000   Number         0  entry10b.o ABSOLUTE
    ../clib/microlib/init/entry.s            0x00000000   Number         0  entry11a.o ABSOLUTE
    ../clib/microlib/init/entry.s            0x00000000   Number         0  entry11b.o ABSOLUTE
    ../clib/microlib/longlong.c              0x00000000   Number         0  llshl.o ABSOLUTE
    ../clib/microlib/longlong.c              0x00000000   Number         0  llushr.o ABSOLUTE
    ../clib/microlib/longlong.c              0x00000000   Number         0  llsshr.o ABSOLUTE
    ../clib/microlib/printf/printf.c         0x00000000   Number         0  printfa.o ABSOLUTE
    ../clib/microlib/stdio/streams.c         0x00000000   Number         0  stdout.o ABSOLUTE
    ../clib/microlib/stubs.s                 0x00000000   Number         0  iusefp.o ABSOLUTE
    ../fplib/microlib/fpadd.c                0x00000000   Number         0  dadd.o ABSOLUTE
    ../fplib/microlib/fpdiv.c                0x00000000   Number         0  ddiv.o ABSOLUTE
    ../fplib/microlib/fpepilogue.c           0x00000000   Number         0  depilogue.o ABSOLUTE
    ../fplib/microlib/fpfix.c                0x00000000   Number         0  dfixul.o ABSOLUTE
    ../fplib/microlib/fpmul.c                0x00000000   Number         0  dmul.o ABSOLUTE
    ..\..\Firmware\CMSIS\GD\GD32E50x\Source\ARM\startup_gd32e50x_cl.s 0x00000000   Number         0  startup_gd32e50x_cl.o ABSOLUTE
    cdrcmple.s                               0x00000000   Number         0  cdrcmple.o ABSOLUTE
    dc.s                                     0x00000000   Number         0  dc.o ABSOLUTE
    gd32e507z_eval.c                         0x00000000   Number         0  gd32e507z_eval.o ABSOLUTE
    gd32e50x_adc.c                           0x00000000   Number         0  gd32e50x_adc.o ABSOLUTE
    gd32e50x_bkp.c                           0x00000000   Number         0  gd32e50x_bkp.o ABSOLUTE
    gd32e50x_can.c                           0x00000000   Number         0  gd32e50x_can.o ABSOLUTE
    gd32e50x_cmp.c                           0x00000000   Number         0  gd32e50x_cmp.o ABSOLUTE
    gd32e50x_crc.c                           0x00000000   Number         0  gd32e50x_crc.o ABSOLUTE
    gd32e50x_ctc.c                           0x00000000   Number         0  gd32e50x_ctc.o ABSOLUTE
    gd32e50x_dac.c                           0x00000000   Number         0  gd32e50x_dac.o ABSOLUTE
    gd32e50x_dbg.c                           0x00000000   Number         0  gd32e50x_dbg.o ABSOLUTE
    gd32e50x_dma.c                           0x00000000   Number         0  gd32e50x_dma.o ABSOLUTE
    gd32e50x_enet.c                          0x00000000   Number         0  gd32e50x_enet.o ABSOLUTE
    gd32e50x_exmc.c                          0x00000000   Number         0  gd32e50x_exmc.o ABSOLUTE
    gd32e50x_exti.c                          0x00000000   Number         0  gd32e50x_exti.o ABSOLUTE
    gd32e50x_fmc.c                           0x00000000   Number         0  gd32e50x_fmc.o ABSOLUTE
    gd32e50x_fwdgt.c                         0x00000000   Number         0  gd32e50x_fwdgt.o ABSOLUTE
    gd32e50x_gpio.c                          0x00000000   Number         0  gd32e50x_gpio.o ABSOLUTE
    gd32e50x_i2c.c                           0x00000000   Number         0  gd32e50x_i2c.o ABSOLUTE
    gd32e50x_it.c                            0x00000000   Number         0  gd32e50x_it.o ABSOLUTE
    gd32e50x_misc.c                          0x00000000   Number         0  gd32e50x_misc.o ABSOLUTE
    gd32e50x_pmu.c                           0x00000000   Number         0  gd32e50x_pmu.o ABSOLUTE
    gd32e50x_rcu.c                           0x00000000   Number         0  gd32e50x_rcu.o ABSOLUTE
    gd32e50x_rtc.c                           0x00000000   Number         0  gd32e50x_rtc.o ABSOLUTE
    gd32e50x_sdio.c                          0x00000000   Number         0  gd32e50x_sdio.o ABSOLUTE
    gd32e50x_shrtimer.c                      0x00000000   Number         0  gd32e50x_shrtimer.o ABSOLUTE
    gd32e50x_spi.c                           0x00000000   Number         0  gd32e50x_spi.o ABSOLUTE
    gd32e50x_sqpi.c                          0x00000000   Number         0  gd32e50x_sqpi.o ABSOLUTE
    gd32e50x_timer.c                         0x00000000   Number         0  gd32e50x_timer.o ABSOLUTE
    gd32e50x_tmu.c                           0x00000000   Number         0  gd32e50x_tmu.o ABSOLUTE
    gd32e50x_usart.c                         0x00000000   Number         0  gd32e50x_usart.o ABSOLUTE
    gd32e50x_wwdgt.c                         0x00000000   Number         0  gd32e50x_wwdgt.o ABSOLUTE
    handlers.s                               0x00000000   Number         0  handlers.o ABSOLUTE
    init.s                                   0x00000000   Number         0  init.o ABSOLUTE
    main.c                                   0x00000000   Number         0  main.o ABSOLUTE
    system_gd32e50x.c                        0x00000000   Number         0  system_gd32e50x.o ABSOLUTE
    systick.c                                0x00000000   Number         0  systick.o ABSOLUTE
    RESET                                    0x08000000   Section      416  startup_gd32e50x_cl.o(RESET)
    .ARM.Collect$$$$00000000                 0x080001a0   Section        0  entry.o(.ARM.Collect$$$$00000000)
    .ARM.Collect$$$$00000001                 0x080001a0   Section        4  entry2.o(.ARM.Collect$$$$00000001)
    .ARM.Collect$$$$00000004                 0x080001a4   Section        4  entry5.o(.ARM.Collect$$$$00000004)
    .ARM.Collect$$$$00000008                 0x080001a8   Section        0  entry7b.o(.ARM.Collect$$$$00000008)
    .ARM.Collect$$$$0000000A                 0x080001a8   Section        0  entry8b.o(.ARM.Collect$$$$0000000A)
    .ARM.Collect$$$$0000000B                 0x080001a8   Section        8  entry9a.o(.ARM.Collect$$$$0000000B)
    __lit__00000000                          0x080001b0   Data           4  entry2.o(.ARM.Collect$$$$00002712)
    .ARM.Collect$$$$0000000D                 0x080001b0   Section        0  entry10a.o(.ARM.Collect$$$$0000000D)
    .ARM.Collect$$$$0000000F                 0x080001b0   Section        0  entry11a.o(.ARM.Collect$$$$0000000F)
    .ARM.Collect$$$$00002712                 0x080001b0   Section        4  entry2.o(.ARM.Collect$$$$00002712)
    $v0                                      0x080001b4   Number         0  startup_gd32e50x_cl.o(.text)
    .text                                    0x080001b4   Section       36  startup_gd32e50x_cl.o(.text)
    .text                                    0x080001d8   Section        0  uldiv.o(.text)
    .text                                    0x0800023a   Section        0  uidiv.o(.text)
    .text                                    0x08000266   Section        0  llshl.o(.text)
    .text                                    0x08000284   Section        0  llushr.o(.text)
    .text                                    0x080002a4   Section        0  iusefp.o(.text)
    .text                                    0x080002a4   Section        0  dadd.o(.text)
    .text                                    0x080003f2   Section        0  dmul.o(.text)
    .text                                    0x080004d6   Section        0  ddiv.o(.text)
    .text                                    0x080005b4   Section        0  dfixul.o(.text)
    .text                                    0x080005e4   Section       48  cdrcmple.o(.text)
    .text                                    0x08000614   Section       36  init.o(.text)
    .text                                    0x08000638   Section        0  llsshr.o(.text)
    .text                                    0x0800065c   Section        0  depilogue.o(.text)
    [Anonymous Symbol]                       0x08000718   Section        0  gd32e50x_it.o(.text.HardFault_Handler)
    [Anonymous Symbol]                       0x0800071c   Section        0  gd32e50x_it.o(.text.NMI_Handler)
    [Anonymous Symbol]                       0x08000720   Section        0  gd32e50x_it.o(.text.PendSV_Handler)
    [Anonymous Symbol]                       0x08000724   Section        0  gd32e50x_it.o(.text.SVC_Handler)
    SysTick_Config                           0x08000729   Thumb Code    82  systick.o(.text.SysTick_Config)
    [Anonymous Symbol]                       0x08000728   Section        0  systick.o(.text.SysTick_Config)
    [Anonymous Symbol]                       0x0800077c   Section        0  gd32e50x_it.o(.text.SysTick_Handler)
    [Anonymous Symbol]                       0x08000788   Section        0  system_gd32e50x.o(.text.SystemInit)
    __NVIC_SetPriority                       0x08000875   Thumb Code    66  systick.o(.text.__NVIC_SetPriority)
    [Anonymous Symbol]                       0x08000874   Section        0  systick.o(.text.__NVIC_SetPriority)
    [Anonymous Symbol]                       0x080008b8   Section        0  systick.o(.text.delay_1ms)
    [Anonymous Symbol]                       0x080008e0   Section        0  systick.o(.text.delay_decrement)
    [Anonymous Symbol]                       0x08000900   Section        0  gd32e50x_exti.o(.text.exti_init)
    [Anonymous Symbol]                       0x08000a0c   Section        0  gd32e50x_exti.o(.text.exti_interrupt_flag_clear)
    [Anonymous Symbol]                       0x08000a20   Section        0  main.o(.text.fputc)
    [Anonymous Symbol]                       0x08000a54   Section        0  gd32e507z_eval.o(.text.gd_eval_com_init)
    [Anonymous Symbol]                       0x08000b0c   Section        0  gd32e507z_eval.o(.text.gd_eval_key_init)
    [Anonymous Symbol]                       0x08000bc4   Section        0  gd32e507z_eval.o(.text.gd_eval_key_state_get)
    [Anonymous Symbol]                       0x08000bf0   Section        0  gd32e507z_eval.o(.text.gd_eval_led_init)
    [Anonymous Symbol]                       0x08000c4c   Section        0  gd32e507z_eval.o(.text.gd_eval_led_off)
    [Anonymous Symbol]                       0x08000c74   Section        0  gd32e507z_eval.o(.text.gd_eval_led_on)
    [Anonymous Symbol]                       0x08000c9c   Section        0  gd32e507z_eval.o(.text.gd_eval_led_toggle)
    [Anonymous Symbol]                       0x08000cdc   Section        0  gd32e50x_gpio.o(.text.gpio_bit_write)
    [Anonymous Symbol]                       0x08000d04   Section        0  gd32e50x_gpio.o(.text.gpio_exti_source_select)
    [Anonymous Symbol]                       0x08000de8   Section        0  gd32e50x_gpio.o(.text.gpio_init)
    [Anonymous Symbol]                       0x08000f6c   Section        0  gd32e50x_gpio.o(.text.gpio_input_bit_get)
    [Anonymous Symbol]                       0x08000f98   Section        0  main.o(.text.led_spark)
    [Anonymous Symbol]                       0x08000ff8   Section        0  main.o(.text.main)
    [Anonymous Symbol]                       0x080010b8   Section        0  gd32e50x_misc.o(.text.nvic_irq_enable)
    [Anonymous Symbol]                       0x080011e4   Section        0  gd32e50x_misc.o(.text.nvic_priority_group_set)
    [Anonymous Symbol]                       0x08001200   Section        0  gd32e50x_misc.o(.text.nvic_vector_table_set)
    [Anonymous Symbol]                       0x08001228   Section        0  gd32e50x_rcu.o(.text.rcu_clock_freq_get)
    [Anonymous Symbol]                       0x08001500   Section        0  gd32e50x_rcu.o(.text.rcu_periph_clock_enable)
    [Anonymous Symbol]                       0x08001528   Section        0  gd32e50x_rcu.o(.text.rcu_periph_reset_disable)
    [Anonymous Symbol]                       0x08001550   Section        0  gd32e50x_rcu.o(.text.rcu_periph_reset_enable)
    system_clock_180m_hxtal                  0x08001579   Thumb Code   460  system_gd32e50x.o(.text.system_clock_180m_hxtal)
    [Anonymous Symbol]                       0x08001578   Section        0  system_gd32e50x.o(.text.system_clock_180m_hxtal)
    system_clock_config                      0x08001745   Thumb Code     8  system_gd32e50x.o(.text.system_clock_config)
    [Anonymous Symbol]                       0x08001744   Section        0  system_gd32e50x.o(.text.system_clock_config)
    [Anonymous Symbol]                       0x0800174c   Section        0  systick.o(.text.systick_config)
    [Anonymous Symbol]                       0x08001780   Section        0  gd32e50x_usart.o(.text.usart_baudrate_set)
    [Anonymous Symbol]                       0x0800190c   Section        0  gd32e50x_usart.o(.text.usart_data_transmit)
    [Anonymous Symbol]                       0x08001944   Section        0  gd32e50x_usart.o(.text.usart_deinit)
    [Anonymous Symbol]                       0x08001a20   Section        0  gd32e50x_usart.o(.text.usart_enable)
    [Anonymous Symbol]                       0x08001a50   Section        0  gd32e50x_usart.o(.text.usart_flag_get)
    [Anonymous Symbol]                       0x08001a8c   Section        0  gd32e50x_usart.o(.text.usart_receive_config)
    [Anonymous Symbol]                       0x08001af0   Section        0  gd32e50x_usart.o(.text.usart_transmit_config)
    i.__0printf                              0x08001b54   Section        0  printfa.o(i.__0printf)
    i.__scatterload_copy                     0x08001b74   Section       14  handlers.o(i.__scatterload_copy)
    i.__scatterload_null                     0x08001b82   Section        2  handlers.o(i.__scatterload_null)
    i.__scatterload_zeroinit                 0x08001b84   Section       14  handlers.o(i.__scatterload_zeroinit)
    _fp_digits                               0x08001b95   Thumb Code   366  printfa.o(i._fp_digits)
    i._fp_digits                             0x08001b94   Section        0  printfa.o(i._fp_digits)
    _printf_core                             0x08001d19   Thumb Code  1744  printfa.o(i._printf_core)
    i._printf_core                           0x08001d18   Section        0  printfa.o(i._printf_core)
    _printf_post_padding                     0x080023f5   Thumb Code    36  printfa.o(i._printf_post_padding)
    i._printf_post_padding                   0x080023f4   Section        0  printfa.o(i._printf_post_padding)
    _printf_pre_padding                      0x08002419   Thumb Code    46  printfa.o(i._printf_pre_padding)
    i._printf_pre_padding                    0x08002418   Section        0  printfa.o(i._printf_pre_padding)
    .L.str.2                                 0x08002446   Data          16  main.o(.rodata.str1.1)
    [Anonymous Symbol]                       0x08002446   Section        0  main.o(.rodata.str1.1)
    .L.str.3                                 0x08002456   Data          16  main.o(.rodata.str1.1)
    .L.str.1                                 0x08002466   Data          15  main.o(.rodata.str1.1)
    .L.str                                   0x08002475   Data          15  main.o(.rodata.str1.1)
    .data                                    0x20000000   Section        4  stdout.o(.data)
    COM_CLK                                  0x20000004   Data           2  gd32e507z_eval.o(.data.COM_CLK)
    [Anonymous Symbol]                       0x20000004   Section        0  gd32e507z_eval.o(.data.COM_CLK)
    COM_GPIO_CLK                             0x20000006   Data           2  gd32e507z_eval.o(.data.COM_GPIO_CLK)
    [Anonymous Symbol]                       0x20000006   Section        0  gd32e507z_eval.o(.data.COM_GPIO_CLK)
    COM_GPIO_PORT                            0x20000008   Data           4  gd32e507z_eval.o(.data.COM_GPIO_PORT)
    [Anonymous Symbol]                       0x20000008   Section        0  gd32e507z_eval.o(.data.COM_GPIO_PORT)
    COM_RX_PIN                               0x2000000c   Data           4  gd32e507z_eval.o(.data.COM_RX_PIN)
    [Anonymous Symbol]                       0x2000000c   Section        0  gd32e507z_eval.o(.data.COM_RX_PIN)
    COM_TX_PIN                               0x20000010   Data           4  gd32e507z_eval.o(.data.COM_TX_PIN)
    [Anonymous Symbol]                       0x20000010   Section        0  gd32e507z_eval.o(.data.COM_TX_PIN)
    GPIO_CLK                                 0x20000014   Data           8  gd32e507z_eval.o(.data.GPIO_CLK)
    [Anonymous Symbol]                       0x20000014   Section        0  gd32e507z_eval.o(.data.GPIO_CLK)
    GPIO_PIN                                 0x2000001c   Data          16  gd32e507z_eval.o(.data.GPIO_PIN)
    [Anonymous Symbol]                       0x2000001c   Section        0  gd32e507z_eval.o(.data.GPIO_PIN)
    GPIO_PORT                                0x2000002c   Data          16  gd32e507z_eval.o(.data.GPIO_PORT)
    [Anonymous Symbol]                       0x2000002c   Section        0  gd32e507z_eval.o(.data.GPIO_PORT)
    KEY_CLK                                  0x2000003c   Data          10  gd32e507z_eval.o(.data.KEY_CLK)
    [Anonymous Symbol]                       0x2000003c   Section        0  gd32e507z_eval.o(.data.KEY_CLK)
    KEY_EXTI_LINE                            0x20000048   Data          20  gd32e507z_eval.o(.data.KEY_EXTI_LINE)
    [Anonymous Symbol]                       0x20000048   Section        0  gd32e507z_eval.o(.data.KEY_EXTI_LINE)
    KEY_IRQn                                 0x2000005c   Data           5  gd32e507z_eval.o(.data.KEY_IRQn)
    [Anonymous Symbol]                       0x2000005c   Section        0  gd32e507z_eval.o(.data.KEY_IRQn)
    KEY_PIN                                  0x20000064   Data          20  gd32e507z_eval.o(.data.KEY_PIN)
    [Anonymous Symbol]                       0x20000064   Section        0  gd32e507z_eval.o(.data.KEY_PIN)
    KEY_PIN_SOURCE                           0x20000078   Data           5  gd32e507z_eval.o(.data.KEY_PIN_SOURCE)
    [Anonymous Symbol]                       0x20000078   Section        0  gd32e507z_eval.o(.data.KEY_PIN_SOURCE)
    KEY_PORT                                 0x20000080   Data          20  gd32e507z_eval.o(.data.KEY_PORT)
    [Anonymous Symbol]                       0x20000080   Section        0  gd32e507z_eval.o(.data.KEY_PORT)
    KEY_PORT_SOURCE                          0x20000094   Data           5  gd32e507z_eval.o(.data.KEY_PORT_SOURCE)
    [Anonymous Symbol]                       0x20000094   Section        0  gd32e507z_eval.o(.data.KEY_PORT_SOURCE)
    delay                                    0x200000a0   Data           4  systick.o(.bss.delay)
    [Anonymous Symbol]                       0x200000a0   Section        0  systick.o(.bss.delay)
    led_spark.timingdelaylocal               0x200000a4   Data           4  main.o(.bss.led_spark.timingdelaylocal)
    [Anonymous Symbol]                       0x200000a4   Section        0  main.o(.bss.led_spark.timingdelaylocal)
    STACK                                    0x200000a8   Section     2048  startup_gd32e50x_cl.o(STACK)

    Global Symbols

    Symbol Name                              Value     Ov Type        Size  Object(Section)

    BuildAttributes$$THM_ISAv4$E$P$D$K$B$S$7EM$8M$VFPi5$EXTD16$VFPS$VFMA$PE$A:L22UL41UL21$X:L11$S22US41US21$IEEE1$IW$~IW$USESV6$~STKCKD$USESV7$~SHL$OSPACE$ROPI$EBA8$MICROLIB$REQ8$PRES8$EABIv2 0x00000000   Number         0  anon$$obj.o ABSOLUTE
    __cpp_initialize__aeabi_                  - Undefined Weak Reference
    __cxa_finalize                            - Undefined Weak Reference
    __decompress                              - Undefined Weak Reference
    _clock_init                               - Undefined Weak Reference
    _microlib_exit                            - Undefined Weak Reference
    __Vectors_Size                           0x000001a0   Number         0  startup_gd32e50x_cl.o ABSOLUTE
    __Vectors                                0x08000000   Data           4  startup_gd32e50x_cl.o(RESET)
    __Vectors_End                            0x080001a0   Data           0  startup_gd32e50x_cl.o(RESET)
    __main                                   0x080001a1   Thumb Code     0  entry.o(.ARM.Collect$$$$00000000)
    _main_stk                                0x080001a1   Thumb Code     0  entry2.o(.ARM.Collect$$$$00000001)
    _main_scatterload                        0x080001a5   Thumb Code     0  entry5.o(.ARM.Collect$$$$00000004)
    __main_after_scatterload                 0x080001a9   Thumb Code     0  entry5.o(.ARM.Collect$$$$00000004)
    _main_clock                              0x080001a9   Thumb Code     0  entry7b.o(.ARM.Collect$$$$00000008)
    _main_cpp_init                           0x080001a9   Thumb Code     0  entry8b.o(.ARM.Collect$$$$0000000A)
    _main_init                               0x080001a9   Thumb Code     0  entry9a.o(.ARM.Collect$$$$0000000B)
    __rt_final_cpp                           0x080001b1   Thumb Code     0  entry10a.o(.ARM.Collect$$$$0000000D)
    __rt_final_exit                          0x080001b1   Thumb Code     0  entry11a.o(.ARM.Collect$$$$0000000F)
    Reset_Handler                            0x080001b5   Thumb Code     8  startup_gd32e50x_cl.o(.text)
    MemManage_Handler                        0x080001c1   Thumb Code     2  startup_gd32e50x_cl.o(.text)
    BusFault_Handler                         0x080001c3   Thumb Code     2  startup_gd32e50x_cl.o(.text)
    UsageFault_Handler                       0x080001c5   Thumb Code     2  startup_gd32e50x_cl.o(.text)
    DebugMon_Handler                         0x080001c9   Thumb Code     2  startup_gd32e50x_cl.o(.text)
    ADC0_1_IRQHandler                        0x080001cf   Thumb Code     0  startup_gd32e50x_cl.o(.text)
    CAN0_EWMC_IRQHandler                     0x080001cf   Thumb Code     0  startup_gd32e50x_cl.o(.text)
    CAN0_RX0_IRQHandler                      0x080001cf   Thumb Code     0  startup_gd32e50x_cl.o(.text)
    CAN0_RX1_IRQHandler                      0x080001cf   Thumb Code     0  startup_gd32e50x_cl.o(.text)
    CAN0_TX_IRQHandler                       0x080001cf   Thumb Code     0  startup_gd32e50x_cl.o(.text)
    CAN1_EWMC_IRQHandler                     0x080001cf   Thumb Code     0  startup_gd32e50x_cl.o(.text)
    CAN1_RX0_IRQHandler                      0x080001cf   Thumb Code     0  startup_gd32e50x_cl.o(.text)
    CAN1_RX1_IRQHandler                      0x080001cf   Thumb Code     0  startup_gd32e50x_cl.o(.text)
    CAN1_TX_IRQHandler                       0x080001cf   Thumb Code     0  startup_gd32e50x_cl.o(.text)
    CAN2_EWMC_IRQHandler                     0x080001cf   Thumb Code     0  startup_gd32e50x_cl.o(.text)
    CAN2_RX0_IRQHandler                      0x080001cf   Thumb Code     0  startup_gd32e50x_cl.o(.text)
    CAN2_RX1_IRQHandler                      0x080001cf   Thumb Code     0  startup_gd32e50x_cl.o(.text)
    CAN2_TX_IRQHandler                       0x080001cf   Thumb Code     0  startup_gd32e50x_cl.o(.text)
    DMA0_Channel0_IRQHandler                 0x080001cf   Thumb Code     0  startup_gd32e50x_cl.o(.text)
    DMA0_Channel1_IRQHandler                 0x080001cf   Thumb Code     0  startup_gd32e50x_cl.o(.text)
    DMA0_Channel2_IRQHandler                 0x080001cf   Thumb Code     0  startup_gd32e50x_cl.o(.text)
    DMA0_Channel3_IRQHandler                 0x080001cf   Thumb Code     0  startup_gd32e50x_cl.o(.text)
    DMA0_Channel4_IRQHandler                 0x080001cf   Thumb Code     0  startup_gd32e50x_cl.o(.text)
    DMA0_Channel5_IRQHandler                 0x080001cf   Thumb Code     0  startup_gd32e50x_cl.o(.text)
    DMA0_Channel6_IRQHandler                 0x080001cf   Thumb Code     0  startup_gd32e50x_cl.o(.text)
    DMA1_Channel0_IRQHandler                 0x080001cf   Thumb Code     0  startup_gd32e50x_cl.o(.text)
    DMA1_Channel1_IRQHandler                 0x080001cf   Thumb Code     0  startup_gd32e50x_cl.o(.text)
    DMA1_Channel2_IRQHandler                 0x080001cf   Thumb Code     0  startup_gd32e50x_cl.o(.text)
    DMA1_Channel3_IRQHandler                 0x080001cf   Thumb Code     0  startup_gd32e50x_cl.o(.text)
    DMA1_Channel4_IRQHandler                 0x080001cf   Thumb Code     0  startup_gd32e50x_cl.o(.text)
    ENET_IRQHandler                          0x080001cf   Thumb Code     0  startup_gd32e50x_cl.o(.text)
    ENET_WKUP_IRQHandler                     0x080001cf   Thumb Code     0  startup_gd32e50x_cl.o(.text)
    EXMC_IRQHandler                          0x080001cf   Thumb Code     0  startup_gd32e50x_cl.o(.text)
    EXTI0_IRQHandler                         0x080001cf   Thumb Code     0  startup_gd32e50x_cl.o(.text)
    EXTI10_15_IRQHandler                     0x080001cf   Thumb Code     0  startup_gd32e50x_cl.o(.text)
    EXTI1_IRQHandler                         0x080001cf   Thumb Code     0  startup_gd32e50x_cl.o(.text)
    EXTI2_IRQHandler                         0x080001cf   Thumb Code     0  startup_gd32e50x_cl.o(.text)
    EXTI3_IRQHandler                         0x080001cf   Thumb Code     0  startup_gd32e50x_cl.o(.text)
    EXTI4_IRQHandler                         0x080001cf   Thumb Code     0  startup_gd32e50x_cl.o(.text)
    EXTI5_9_IRQHandler                       0x080001cf   Thumb Code     0  startup_gd32e50x_cl.o(.text)
    FMC_IRQHandler                           0x080001cf   Thumb Code     0  startup_gd32e50x_cl.o(.text)
    I2C0_ER_IRQHandler                       0x080001cf   Thumb Code     0  startup_gd32e50x_cl.o(.text)
    I2C0_EV_IRQHandler                       0x080001cf   Thumb Code     0  startup_gd32e50x_cl.o(.text)
    I2C1_ER_IRQHandler                       0x080001cf   Thumb Code     0  startup_gd32e50x_cl.o(.text)
    I2C1_EV_IRQHandler                       0x080001cf   Thumb Code     0  startup_gd32e50x_cl.o(.text)
    I2C2_ER_IRQHandler                       0x080001cf   Thumb Code     0  startup_gd32e50x_cl.o(.text)
    I2C2_EV_IRQHandler                       0x080001cf   Thumb Code     0  startup_gd32e50x_cl.o(.text)
    I2C2_WKUP_IRQHandler                     0x080001cf   Thumb Code     0  startup_gd32e50x_cl.o(.text)
    LVD_IRQHandler                           0x080001cf   Thumb Code     0  startup_gd32e50x_cl.o(.text)
    RCU_CTC_IRQHandler                       0x080001cf   Thumb Code     0  startup_gd32e50x_cl.o(.text)
    RTC_Alarm_IRQHandler                     0x080001cf   Thumb Code     0  startup_gd32e50x_cl.o(.text)
    RTC_IRQHandler                           0x080001cf   Thumb Code     0  startup_gd32e50x_cl.o(.text)
    SHRTIMER_IRQ0_IRQHandler                 0x080001cf   Thumb Code     0  startup_gd32e50x_cl.o(.text)
    SHRTIMER_IRQ1_IRQHandler                 0x080001cf   Thumb Code     0  startup_gd32e50x_cl.o(.text)
    SHRTIMER_IRQ2_IRQHandler                 0x080001cf   Thumb Code     0  startup_gd32e50x_cl.o(.text)
    SHRTIMER_IRQ3_IRQHandler                 0x080001cf   Thumb Code     0  startup_gd32e50x_cl.o(.text)
    SHRTIMER_IRQ4_IRQHandler                 0x080001cf   Thumb Code     0  startup_gd32e50x_cl.o(.text)
    SHRTIMER_IRQ5_IRQHandler                 0x080001cf   Thumb Code     0  startup_gd32e50x_cl.o(.text)
    SHRTIMER_IRQ6_IRQHandler                 0x080001cf   Thumb Code     0  startup_gd32e50x_cl.o(.text)
    SPI0_IRQHandler                          0x080001cf   Thumb Code     0  startup_gd32e50x_cl.o(.text)
    SPI1_I2S1ADD_IRQHandler                  0x080001cf   Thumb Code     0  startup_gd32e50x_cl.o(.text)
    SPI2_I2S2ADD_IRQHandler                  0x080001cf   Thumb Code     0  startup_gd32e50x_cl.o(.text)
    TAMPER_IRQHandler                        0x080001cf   Thumb Code     0  startup_gd32e50x_cl.o(.text)
    TIMER0_BRK_TIMER8_IRQHandler             0x080001cf   Thumb Code     0  startup_gd32e50x_cl.o(.text)
    TIMER0_Channel_IRQHandler                0x080001cf   Thumb Code     0  startup_gd32e50x_cl.o(.text)
    TIMER0_TRG_CMT_TIMER10_IRQHandler        0x080001cf   Thumb Code     0  startup_gd32e50x_cl.o(.text)
    TIMER0_UP_TIMER9_IRQHandler              0x080001cf   Thumb Code     0  startup_gd32e50x_cl.o(.text)
    TIMER1_IRQHandler                        0x080001cf   Thumb Code     0  startup_gd32e50x_cl.o(.text)
    TIMER2_IRQHandler                        0x080001cf   Thumb Code     0  startup_gd32e50x_cl.o(.text)
    TIMER3_IRQHandler                        0x080001cf   Thumb Code     0  startup_gd32e50x_cl.o(.text)
    TIMER4_IRQHandler                        0x080001cf   Thumb Code     0  startup_gd32e50x_cl.o(.text)
    TIMER5_DAC_IRQHandler                    0x080001cf   Thumb Code     0  startup_gd32e50x_cl.o(.text)
    TIMER6_IRQHandler                        0x080001cf   Thumb Code     0  startup_gd32e50x_cl.o(.text)
    TIMER7_BRK_TIMER11_IRQHandler            0x080001cf   Thumb Code     0  startup_gd32e50x_cl.o(.text)
    TIMER7_Channel_IRQHandler                0x080001cf   Thumb Code     0  startup_gd32e50x_cl.o(.text)
    TIMER7_TRG_CMT_TIMER13_IRQHandler        0x080001cf   Thumb Code     0  startup_gd32e50x_cl.o(.text)
    TIMER7_UP_TIMER12_IRQHandler             0x080001cf   Thumb Code     0  startup_gd32e50x_cl.o(.text)
    TMU_IRQHandler                           0x080001cf   Thumb Code     0  startup_gd32e50x_cl.o(.text)
    UART3_IRQHandler                         0x080001cf   Thumb Code     0  startup_gd32e50x_cl.o(.text)
    UART4_IRQHandler                         0x080001cf   Thumb Code     0  startup_gd32e50x_cl.o(.text)
    USART0_IRQHandler                        0x080001cf   Thumb Code     0  startup_gd32e50x_cl.o(.text)
    USART1_IRQHandler                        0x080001cf   Thumb Code     0  startup_gd32e50x_cl.o(.text)
    USART2_IRQHandler                        0x080001cf   Thumb Code     0  startup_gd32e50x_cl.o(.text)
    USART5_IRQHandler                        0x080001cf   Thumb Code     0  startup_gd32e50x_cl.o(.text)
    USART5_WKUP_IRQHandler                   0x080001cf   Thumb Code     0  startup_gd32e50x_cl.o(.text)
    USBHS_EP1_IN_IRQHandler                  0x080001cf   Thumb Code     0  startup_gd32e50x_cl.o(.text)
    USBHS_EP1_OUT_IRQHandler                 0x080001cf   Thumb Code     0  startup_gd32e50x_cl.o(.text)
    USBHS_IRQHandler                         0x080001cf   Thumb Code     0  startup_gd32e50x_cl.o(.text)
    USBHS_WKUP_IRQHandler                    0x080001cf   Thumb Code     0  startup_gd32e50x_cl.o(.text)
    WWDGT_IRQHandler                         0x080001cf   Thumb Code     0  startup_gd32e50x_cl.o(.text)
    __aeabi_uldivmod                         0x080001d9   Thumb Code    98  uldiv.o(.text)
    __aeabi_uidiv                            0x0800023b   Thumb Code     0  uidiv.o(.text)
    __aeabi_uidivmod                         0x0800023b   Thumb Code    44  uidiv.o(.text)
    __aeabi_llsl                             0x08000267   Thumb Code    30  llshl.o(.text)
    _ll_shift_l                              0x08000267   Thumb Code     0  llshl.o(.text)
    __aeabi_llsr                             0x08000285   Thumb Code    32  llushr.o(.text)
    _ll_ushift_r                             0x08000285   Thumb Code     0  llushr.o(.text)
    __I$use$fp                               0x080002a5   Thumb Code     0  iusefp.o(.text)
    __aeabi_dadd                             0x080002a5   Thumb Code   322  dadd.o(.text)
    __aeabi_dsub                             0x080003e7   Thumb Code     6  dadd.o(.text)
    __aeabi_drsub                            0x080003ed   Thumb Code     6  dadd.o(.text)
    __aeabi_dmul                             0x080003f3   Thumb Code   228  dmul.o(.text)
    __aeabi_ddiv                             0x080004d7   Thumb Code   222  ddiv.o(.text)
    __aeabi_d2ulz                            0x080005b5   Thumb Code    48  dfixul.o(.text)
    __aeabi_cdrcmple                         0x080005e5   Thumb Code    48  cdrcmple.o(.text)
    __scatterload                            0x08000615   Thumb Code    28  init.o(.text)
    __scatterload_rt2                        0x08000615   Thumb Code     0  init.o(.text)
    __aeabi_lasr                             0x08000639   Thumb Code    36  llsshr.o(.text)
    _ll_sshift_r                             0x08000639   Thumb Code     0  llsshr.o(.text)
    _double_round                            0x0800065d   Thumb Code    30  depilogue.o(.text)
    _double_epilogue                         0x0800067b   Thumb Code   156  depilogue.o(.text)
    HardFault_Handler                        0x08000719   Thumb Code     4  gd32e50x_it.o(.text.HardFault_Handler)
    NMI_Handler                              0x0800071d   Thumb Code     4  gd32e50x_it.o(.text.NMI_Handler)
    PendSV_Handler                           0x08000721   Thumb Code     4  gd32e50x_it.o(.text.PendSV_Handler)
    SVC_Handler                              0x08000725   Thumb Code     4  gd32e50x_it.o(.text.SVC_Handler)
    SysTick_Handler                          0x0800077d   Thumb Code    12  gd32e50x_it.o(.text.SysTick_Handler)
    SystemInit                               0x08000789   Thumb Code   236  system_gd32e50x.o(.text.SystemInit)
    delay_1ms                                0x080008b9   Thumb Code    38  systick.o(.text.delay_1ms)
    delay_decrement                          0x080008e1   Thumb Code    32  systick.o(.text.delay_decrement)
    exti_init                                0x08000901   Thumb Code   266  gd32e50x_exti.o(.text.exti_init)
    exti_interrupt_flag_clear                0x08000a0d   Thumb Code    20  gd32e50x_exti.o(.text.exti_interrupt_flag_clear)
    fputc                                    0x08000a21   Thumb Code    52  main.o(.text.fputc)
    gd_eval_com_init                         0x08000a55   Thumb Code   182  gd32e507z_eval.o(.text.gd_eval_com_init)
    gd_eval_key_init                         0x08000b0d   Thumb Code   184  gd32e507z_eval.o(.text.gd_eval_key_init)
    gd_eval_key_state_get                    0x08000bc5   Thumb Code    44  gd32e507z_eval.o(.text.gd_eval_key_state_get)
    gd_eval_led_init                         0x08000bf1   Thumb Code    90  gd32e507z_eval.o(.text.gd_eval_led_init)
    gd_eval_led_off                          0x08000c4d   Thumb Code    40  gd32e507z_eval.o(.text.gd_eval_led_off)
    gd_eval_led_on                           0x08000c75   Thumb Code    40  gd32e507z_eval.o(.text.gd_eval_led_on)
    gd_eval_led_toggle                       0x08000c9d   Thumb Code    64  gd32e507z_eval.o(.text.gd_eval_led_toggle)
    gpio_bit_write                           0x08000cdd   Thumb Code    38  gd32e50x_gpio.o(.text.gpio_bit_write)
    gpio_exti_source_select                  0x08000d05   Thumb Code   228  gd32e50x_gpio.o(.text.gpio_exti_source_select)
    gpio_init                                0x08000de9   Thumb Code   388  gd32e50x_gpio.o(.text.gpio_init)
    gpio_input_bit_get                       0x08000f6d   Thumb Code    42  gd32e50x_gpio.o(.text.gpio_input_bit_get)
    led_spark                                0x08000f99   Thumb Code    96  main.o(.text.led_spark)
    main                                     0x08000ff9   Thumb Code   192  main.o(.text.main)
    nvic_irq_enable                          0x080010b9   Thumb Code   298  gd32e50x_misc.o(.text.nvic_irq_enable)
    nvic_priority_group_set                  0x080011e5   Thumb Code    28  gd32e50x_misc.o(.text.nvic_priority_group_set)
    nvic_vector_table_set                    0x08001201   Thumb Code    40  gd32e50x_misc.o(.text.nvic_vector_table_set)
    rcu_clock_freq_get                       0x08001229   Thumb Code   726  gd32e50x_rcu.o(.text.rcu_clock_freq_get)
    rcu_periph_clock_enable                  0x08001501   Thumb Code    40  gd32e50x_rcu.o(.text.rcu_periph_clock_enable)
    rcu_periph_reset_disable                 0x08001529   Thumb Code    40  gd32e50x_rcu.o(.text.rcu_periph_reset_disable)
    rcu_periph_reset_enable                  0x08001551   Thumb Code    40  gd32e50x_rcu.o(.text.rcu_periph_reset_enable)
    systick_config                           0x0800174d   Thumb Code    50  systick.o(.text.systick_config)
    usart_baudrate_set                       0x08001781   Thumb Code   394  gd32e50x_usart.o(.text.usart_baudrate_set)
    usart_data_transmit                      0x0800190d   Thumb Code    56  gd32e50x_usart.o(.text.usart_data_transmit)
    usart_deinit                             0x08001945   Thumb Code   218  gd32e50x_usart.o(.text.usart_deinit)
    usart_enable                             0x08001a21   Thumb Code    48  gd32e50x_usart.o(.text.usart_enable)
    usart_flag_get                           0x08001a51   Thumb Code    58  gd32e50x_usart.o(.text.usart_flag_get)
    usart_receive_config                     0x08001a8d   Thumb Code    98  gd32e50x_usart.o(.text.usart_receive_config)
    usart_transmit_config                    0x08001af1   Thumb Code    98  gd32e50x_usart.o(.text.usart_transmit_config)
    __0printf                                0x08001b55   Thumb Code    22  printfa.o(i.__0printf)
    __1printf                                0x08001b55   Thumb Code     0  printfa.o(i.__0printf)
    __2printf                                0x08001b55   Thumb Code     0  printfa.o(i.__0printf)
    __c89printf                              0x08001b55   Thumb Code     0  printfa.o(i.__0printf)
    printf                                   0x08001b55   Thumb Code     0  printfa.o(i.__0printf)
    __scatterload_copy                       0x08001b75   Thumb Code    14  handlers.o(i.__scatterload_copy)
    __scatterload_null                       0x08001b83   Thumb Code     2  handlers.o(i.__scatterload_null)
    __scatterload_zeroinit                   0x08001b85   Thumb Code    14  handlers.o(i.__scatterload_zeroinit)
    Region$$Table$$Base                      0x08002484   Number         0  anon$$obj.o(Region$$Table)
    Region$$Table$$Limit                     0x080024a4   Number         0  anon$$obj.o(Region$$Table)
    __stdout                                 0x20000000   Data           4  stdout.o(.data)
    SystemCoreClock                          0x2000009c   Data           4  system_gd32e50x.o(.data.SystemCoreClock)
    __initial_sp                             0x200008a8   Data           0  startup_gd32e50x_cl.o(STACK)



==============================================================================

Memory Map of the image

  Image Entry point : 0x080001a1

  Load Region LR_IROM1 (Base: 0x08000000, Size: 0x00002548, Max: 0x00080000, ABSOLUTE)

    Execution Region ER_IROM1 (Exec base: 0x08000000, Load base: 0x08000000, Size: 0x000024a4, Max: 0x00080000, ABSOLUTE)

    Exec Addr    Load Addr    Size         Type   Attr      Idx    E Section Name        Object

    0x08000000   0x08000000   0x000001a0   Data   RO         2035    RESET               startup_gd32e50x_cl.o
    0x080001a0   0x080001a0   0x00000000   Code   RO         2078  * .ARM.Collect$$$$00000000  mc_w.l(entry.o)
    0x080001a0   0x080001a0   0x00000004   Code   RO         2111    .ARM.Collect$$$$00000001  mc_w.l(entry2.o)
    0x080001a4   0x080001a4   0x00000004   Code   RO         2114    .ARM.Collect$$$$00000004  mc_w.l(entry5.o)
    0x080001a8   0x080001a8   0x00000000   Code   RO         2116    .ARM.Collect$$$$00000008  mc_w.l(entry7b.o)
    0x080001a8   0x080001a8   0x00000000   Code   RO         2118    .ARM.Collect$$$$0000000A  mc_w.l(entry8b.o)
    0x080001a8   0x080001a8   0x00000008   Code   RO         2119    .ARM.Collect$$$$0000000B  mc_w.l(entry9a.o)
    0x080001b0   0x080001b0   0x00000000   Code   RO         2121    .ARM.Collect$$$$0000000D  mc_w.l(entry10a.o)
    0x080001b0   0x080001b0   0x00000000   Code   RO         2123    .ARM.Collect$$$$0000000F  mc_w.l(entry11a.o)
    0x080001b0   0x080001b0   0x00000004   Code   RO         2112    .ARM.Collect$$$$00002712  mc_w.l(entry2.o)
    0x080001b4   0x080001b4   0x00000024   Code   RO         2036    .text               startup_gd32e50x_cl.o
    0x080001d8   0x080001d8   0x00000062   Code   RO         2081    .text               mc_w.l(uldiv.o)
    0x0800023a   0x0800023a   0x0000002c   Code   RO         2135    .text               mc_w.l(uidiv.o)
    0x08000266   0x08000266   0x0000001e   Code   RO         2137    .text               mc_w.l(llshl.o)
    0x08000284   0x08000284   0x00000020   Code   RO         2139    .text               mc_w.l(llushr.o)
    0x080002a4   0x080002a4   0x00000000   Code   RO         2141    .text               mc_w.l(iusefp.o)
    0x080002a4   0x080002a4   0x0000014e   Code   RO         2142    .text               mf_w.l(dadd.o)
    0x080003f2   0x080003f2   0x000000e4   Code   RO         2144    .text               mf_w.l(dmul.o)
    0x080004d6   0x080004d6   0x000000de   Code   RO         2146    .text               mf_w.l(ddiv.o)
    0x080005b4   0x080005b4   0x00000030   Code   RO         2148    .text               mf_w.l(dfixul.o)
    0x080005e4   0x080005e4   0x00000030   Code   RO         2150    .text               mf_w.l(cdrcmple.o)
    0x08000614   0x08000614   0x00000024   Code   RO         2152    .text               mc_w.l(init.o)
    0x08000638   0x08000638   0x00000024   Code   RO         2154    .text               mc_w.l(llsshr.o)
    0x0800065c   0x0800065c   0x000000ba   Code   RO         2156    .text               mf_w.l(depilogue.o)
    0x08000716   0x08000716   0x00000002   PAD
    0x08000718   0x08000718   0x00000004   Code   RO            4    .text.HardFault_Handler  gd32e50x_it.o
    0x0800071c   0x0800071c   0x00000004   Code   RO            2    .text.NMI_Handler   gd32e50x_it.o
    0x08000720   0x08000720   0x00000004   Code   RO            8    .text.PendSV_Handler  gd32e50x_it.o
    0x08000724   0x08000724   0x00000004   Code   RO            6    .text.SVC_Handler   gd32e50x_it.o
    0x08000728   0x08000728   0x00000052   Code   RO           37    .text.SysTick_Config  systick.o
    0x0800077a   0x0800077a   0x00000002   PAD
    0x0800077c   0x0800077c   0x0000000c   Code   RO           10    .text.SysTick_Handler  gd32e50x_it.o
    0x08000788   0x08000788   0x000000ec   Code   RO           53    .text.SystemInit    system_gd32e50x.o
    0x08000874   0x08000874   0x00000042   Code   RO           39    .text.__NVIC_SetPriority  systick.o
    0x080008b6   0x080008b6   0x00000002   PAD
    0x080008b8   0x080008b8   0x00000026   Code   RO           41    .text.delay_1ms     systick.o
    0x080008de   0x080008de   0x00000002   PAD
    0x080008e0   0x080008e0   0x00000020   Code   RO           43    .text.delay_decrement  systick.o
    0x08000900   0x08000900   0x0000010a   Code   RO          793    .text.exti_init     gd32e50x_exti.o
    0x08000a0a   0x08000a0a   0x00000002   PAD
    0x08000a0c   0x08000a0c   0x00000014   Code   RO          813    .text.exti_interrupt_flag_clear  gd32e50x_exti.o
    0x08000a20   0x08000a20   0x00000034   Code   RO           23    .text.fputc         main.o
    0x08000a54   0x08000a54   0x000000b6   Code   RO         2055    .text.gd_eval_com_init  gd32e507z_eval.o
    0x08000b0a   0x08000b0a   0x00000002   PAD
    0x08000b0c   0x08000b0c   0x000000b8   Code   RO         2051    .text.gd_eval_key_init  gd32e507z_eval.o
    0x08000bc4   0x08000bc4   0x0000002c   Code   RO         2053    .text.gd_eval_key_state_get  gd32e507z_eval.o
    0x08000bf0   0x08000bf0   0x0000005a   Code   RO         2043    .text.gd_eval_led_init  gd32e507z_eval.o
    0x08000c4a   0x08000c4a   0x00000002   PAD
    0x08000c4c   0x08000c4c   0x00000028   Code   RO         2047    .text.gd_eval_led_off  gd32e507z_eval.o
    0x08000c74   0x08000c74   0x00000028   Code   RO         2045    .text.gd_eval_led_on  gd32e507z_eval.o
    0x08000c9c   0x08000c9c   0x00000040   Code   RO         2049    .text.gd_eval_led_toggle  gd32e507z_eval.o
    0x08000cdc   0x08000cdc   0x00000026   Code   RO          928    .text.gpio_bit_write  gd32e50x_gpio.o
    0x08000d02   0x08000d02   0x00000002   PAD
    0x08000d04   0x08000d04   0x000000e4   Code   RO          946    .text.gpio_exti_source_select  gd32e50x_gpio.o
    0x08000de8   0x08000de8   0x00000184   Code   RO          922    .text.gpio_init     gd32e50x_gpio.o
    0x08000f6c   0x08000f6c   0x0000002a   Code   RO          932    .text.gpio_input_bit_get  gd32e50x_gpio.o
    0x08000f96   0x08000f96   0x00000002   PAD
    0x08000f98   0x08000f98   0x00000060   Code   RO           19    .text.led_spark     main.o
    0x08000ff8   0x08000ff8   0x000000c0   Code   RO           21    .text.main          main.o
    0x080010b8   0x080010b8   0x0000012a   Code   RO         1164    .text.nvic_irq_enable  gd32e50x_misc.o
    0x080011e2   0x080011e2   0x00000002   PAD
    0x080011e4   0x080011e4   0x0000001c   Code   RO         1162    .text.nvic_priority_group_set  gd32e50x_misc.o
    0x08001200   0x08001200   0x00000028   Code   RO         1174    .text.nvic_vector_table_set  gd32e50x_misc.o
    0x08001228   0x08001228   0x000002d6   Code   RO         1330    .text.rcu_clock_freq_get  gd32e50x_rcu.o
    0x080014fe   0x080014fe   0x00000002   PAD
    0x08001500   0x08001500   0x00000028   Code   RO         1240    .text.rcu_periph_clock_enable  gd32e50x_rcu.o
    0x08001528   0x08001528   0x00000028   Code   RO         1250    .text.rcu_periph_reset_disable  gd32e50x_rcu.o
    0x08001550   0x08001550   0x00000028   Code   RO         1248    .text.rcu_periph_reset_enable  gd32e50x_rcu.o
    0x08001578   0x08001578   0x000001cc   Code   RO           59    .text.system_clock_180m_hxtal  system_gd32e50x.o
    0x08001744   0x08001744   0x00000008   Code   RO           55    .text.system_clock_config  system_gd32e50x.o
    0x0800174c   0x0800174c   0x00000032   Code   RO           35    .text.systick_config  systick.o
    0x0800177e   0x0800177e   0x00000002   PAD
    0x08001780   0x08001780   0x0000018a   Code   RO         1850    .text.usart_baudrate_set  gd32e50x_usart.o
    0x0800190a   0x0800190a   0x00000002   PAD
    0x0800190c   0x0800190c   0x00000038   Code   RO         1876    .text.usart_data_transmit  gd32e50x_usart.o
    0x08001944   0x08001944   0x000000da   Code   RO         1848    .text.usart_deinit  gd32e50x_usart.o
    0x08001a1e   0x08001a1e   0x00000002   PAD
    0x08001a20   0x08001a20   0x00000030   Code   RO         1858    .text.usart_enable  gd32e50x_usart.o
    0x08001a50   0x08001a50   0x0000003a   Code   RO         1948    .text.usart_flag_get  gd32e50x_usart.o
    0x08001a8a   0x08001a8a   0x00000002   PAD
    0x08001a8c   0x08001a8c   0x00000062   Code   RO         1864    .text.usart_receive_config  gd32e50x_usart.o
    0x08001aee   0x08001aee   0x00000002   PAD
    0x08001af0   0x08001af0   0x00000062   Code   RO         1862    .text.usart_transmit_config  gd32e50x_usart.o
    0x08001b52   0x08001b52   0x00000002   PAD
    0x08001b54   0x08001b54   0x00000020   Code   RO         2084    i.__0printf         mc_w.l(printfa.o)
    0x08001b74   0x08001b74   0x0000000e   Code   RO         2160    i.__scatterload_copy  mc_w.l(handlers.o)
    0x08001b82   0x08001b82   0x00000002   Code   RO         2161    i.__scatterload_null  mc_w.l(handlers.o)
    0x08001b84   0x08001b84   0x0000000e   Code   RO         2162    i.__scatterload_zeroinit  mc_w.l(handlers.o)
    0x08001b92   0x08001b92   0x00000002   PAD
    0x08001b94   0x08001b94   0x00000184   Code   RO         2091    i._fp_digits        mc_w.l(printfa.o)
    0x08001d18   0x08001d18   0x000006dc   Code   RO         2092    i._printf_core      mc_w.l(printfa.o)
    0x080023f4   0x080023f4   0x00000024   Code   RO         2093    i._printf_post_padding  mc_w.l(printfa.o)
    0x08002418   0x08002418   0x0000002e   Code   RO         2094    i._printf_pre_padding  mc_w.l(printfa.o)
    0x08002446   0x08002446   0x0000003e   Data   RO           26    .rodata.str1.1      main.o
    0x08002484   0x08002484   0x00000020   Data   RO         2159    Region$$Table       anon$$obj.o


    Execution Region RW_IRAM1 (Exec base: 0x20000000, Load base: 0x080024a8, Size: 0x000008a8, Max: 0x00020000, ABSOLUTE)

    Exec Addr    Load Addr    Size         Type   Attr      Idx    E Section Name        Object

    0x20000000   0x080024a8   0x00000004   Data   RW         2125    .data               mc_w.l(stdout.o)
    0x20000004   0x080024ac   0x00000002   Data   RW         2068    .data.COM_CLK       gd32e507z_eval.o
    0x20000006   0x080024ae   0x00000002   Data   RW         2067    .data.COM_GPIO_CLK  gd32e507z_eval.o
    0x20000008   0x080024b0   0x00000004   Data   RW         2069    .data.COM_GPIO_PORT  gd32e507z_eval.o
    0x2000000c   0x080024b4   0x00000004   Data   RW         2071    .data.COM_RX_PIN    gd32e507z_eval.o
    0x20000010   0x080024b8   0x00000004   Data   RW         2070    .data.COM_TX_PIN    gd32e507z_eval.o
    0x20000014   0x080024bc   0x00000008   Data   RW         2057    .data.GPIO_CLK      gd32e507z_eval.o
    0x2000001c   0x080024c4   0x00000010   Data   RW         2059    .data.GPIO_PIN      gd32e507z_eval.o
    0x2000002c   0x080024d4   0x00000010   Data   RW         2058    .data.GPIO_PORT     gd32e507z_eval.o
    0x2000003c   0x080024e4   0x0000000a   Data   RW         2060    .data.KEY_CLK       gd32e507z_eval.o
    0x20000046   0x080024ee   0x00000002   PAD
    0x20000048   0x080024f0   0x00000014   Data   RW         2066    .data.KEY_EXTI_LINE  gd32e507z_eval.o
    0x2000005c   0x08002504   0x00000005   Data   RW         2063    .data.KEY_IRQn      gd32e507z_eval.o
    0x20000061   0x08002509   0x00000003   PAD
    0x20000064   0x0800250c   0x00000014   Data   RW         2062    .data.KEY_PIN       gd32e507z_eval.o
    0x20000078   0x08002520   0x00000005   Data   RW         2065    .data.KEY_PIN_SOURCE  gd32e507z_eval.o
    0x2000007d   0x08002525   0x00000003   PAD
    0x20000080   0x08002528   0x00000014   Data   RW         2061    .data.KEY_PORT      gd32e507z_eval.o
    0x20000094   0x0800253c   0x00000005   Data   RW         2064    .data.KEY_PORT_SOURCE  gd32e507z_eval.o
    0x20000099   0x08002541   0x00000003   PAD
    0x2000009c   0x08002544   0x00000004   Data   RW           61    .data.SystemCoreClock  system_gd32e50x.o
    0x200000a0        -       0x00000004   Zero   RW           45    .bss.delay          systick.o
    0x200000a4        -       0x00000004   Zero   RW           25    .bss.led_spark.timingdelaylocal  main.o
    0x200000a8        -       0x00000800   Zero   RW         2033    STACK               startup_gd32e50x_cl.o


==============================================================================

Image component sizes


      Code (inc. data)   RO Data    RW Data    ZI Data      Debug   Object Name

       644          0          0        141          0       4438   gd32e507z_eval.o
       286          4          0          0          0       3014   gd32e50x_exti.o
       696          0          0          0          0       6246   gd32e50x_gpio.o
        28          0          0          0          0        757   gd32e50x_it.o
       366          0          0          0          0       6191   gd32e50x_misc.o
       846          6          0          0          0      14501   gd32e50x_rcu.o
       970          0          0          0          0      18080   gd32e50x_usart.o
       340          0         62          0          4       2201   main.o
        36          8        416          0       2048       1004   startup_gd32e50x_cl.o
       704          0          0          4          0       3456   system_gd32e50x.o
       268          0          0          0          4       5106   systick.o

    ----------------------------------------------------------------------
      5216         18        510        156       2056      64994   Object Totals
         0          0         32          0          0          0   (incl. Generated)
        32          0          0         11          0          0   (incl. Padding)

    ----------------------------------------------------------------------

      Code (inc. data)   RO Data    RW Data    ZI Data      Debug   Library Member Name

         0          0          0          0          0          0   entry.o
         0          0          0          0          0          0   entry10a.o
         0          0          0          0          0          0   entry11a.o
         8          4          0          0          0          0   entry2.o
         4          0          0          0          0          0   entry5.o
         0          0          0          0          0          0   entry7b.o
         0          0          0          0          0          0   entry8b.o
         8          4          0          0          0          0   entry9a.o
        30          0          0          0          0          0   handlers.o
        36          8          0          0          0         68   init.o
         0          0          0          0          0          0   iusefp.o
        30          0          0          0          0         68   llshl.o
        36          0          0          0          0         68   llsshr.o
        32          0          0          0          0         68   llushr.o
      2258         90          0          0          0        452   printfa.o
         0          0          0          4          0          0   stdout.o
        44          0          0          0          0         80   uidiv.o
        98          0          0          0          0         92   uldiv.o
        48          0          0          0          0         68   cdrcmple.o
       334          0          0          0          0        148   dadd.o
       222          0          0          0          0        100   ddiv.o
       186          0          0          0          0        176   depilogue.o
        48          0          0          0          0         68   dfixul.o
       228          0          0          0          0         96   dmul.o

    ----------------------------------------------------------------------
      3654        106          0          4          0       1552   Library Totals
         4          0          0          0          0          0   (incl. Padding)

    ----------------------------------------------------------------------

      Code (inc. data)   RO Data    RW Data    ZI Data      Debug   Library Name

      2584        106          0          4          0        896   mc_w.l
      1066          0          0          0          0        656   mf_w.l

    ----------------------------------------------------------------------
      3654        106          0          4          0       1552   Library Totals

    ----------------------------------------------------------------------

==============================================================================


      Code (inc. data)   RO Data    RW Data    ZI Data      Debug   

      8870        124        510        160       2056      65790   Grand Totals
      8870        124        510        160       2056      65790   ELF Image Totals
      8870        124        510        160          0          0   ROM Totals

==============================================================================

    Total RO  Size (Code + RO Data)                 9380 (   9.16kB)
    Total RW  Size (RW Data + ZI Data)              2216 (   2.16kB)
    Total ROM Size (Code + RO Data + RW Data)       9540 (   9.32kB)

==============================================================================

