<html>
<body>
<pre>
<h1>µVision Build Log</h1>
<h2>Tool Versions:</h2>
IDE-Version: ¦ÌVision V5.36.0.0
Copyright (C) 2021 ARM Ltd and ARM Germany GmbH. All rights reserved.
License Information: 1 heyinuli1@outlook.com, 1, LIC=MPPLD-8CAP3-56HQ2-99GB1-8HHER-E58XA
 
Tool Versions:
Toolchain:       MDK-ARM Plus  Version: 5.36.0.0
Toolchain Path:  D:\keil\MDK\ARM\ARMCLANG\Bin
C Compiler:      ArmClang.exe V6.16
Assembler:       Armasm.exe V6.16
Linker/Locator:  ArmLink.exe V6.16
Library Manager: ArmAr.exe V6.16
Hex Converter:   FromElf.exe V6.16
CPU DLL:         
Dialog DLL:      
Target DLL:      Segger\JL2CM3.dll V2.99.40.0
Dialog DLL:      TCM.DLL V1.53.0.0
 
<h2>Project:</h2>
C:\Users\heyin\Desktop\gd_project\GDE507\E507_DATA\GD32E50x_Firmware_Library_V1.4.0\GD32E50x_Firmware_Library_V1.4.0\Template\Keil_project\Project.uvprojx
Project File Date:  07/31/2024

<h2>Output:</h2>
*** Using Compiler 'V6.16', folder: 'D:\keil\MDK\ARM\ARMCLANG\Bin'
Rebuild target 'GD32E50X_CL'
compiling gd32e50x_bkp.c...
compiling gd32e50x_crc.c...
compiling systick.c...
compiling gd32e50x_dac.c...
compiling gd32e50x_it.c...
compiling system_gd32e50x.c...
compiling main.c...
compiling gd32e50x_dbg.c...
compiling gd32e50x_cmp.c...
compiling gd32e50x_adc.c...
compiling gd32e50x_ctc.c...
compiling gd32e50x_can.c...
compiling gd32e50x_dma.c...
compiling gd32e50x_exmc.c...
compiling gd32e50x_enet.c...
compiling gd32e50x_exti.c...
compiling gd32e50x_i2c.c...
compiling gd32e50x_misc.c...
compiling gd32e50x_fmc.c...
compiling gd32e50x_spi.c...
compiling gd32e50x_sqpi.c...
compiling gd32e50x_rtc.c...
compiling gd32e50x_rcu.c...
compiling gd32e50x_gpio.c...
compiling gd32e50x_fwdgt.c...
compiling gd32e50x_sdio.c...
compiling gd32e50x_pmu.c...
compiling gd32e50x_shrtimer.c...
compiling gd32e50x_timer.c...
compiling gd32e50x_tmu.c...
assembling startup_gd32e50x_cl.s...
compiling gd32e507z_eval.c...
compiling gd32e50x_wwdgt.c...
compiling gd32e50x_usart.c...
linking...
Program Size: Code=8870 RO-data=510 RW-data=160 ZI-data=2056  
".\output\Project.axf" - 0 Error(s), 0 Warning(s).

<h2>Software Packages used:</h2>

Package Vendor: ARM
                http://www.keil.com/pack/ARM.CMSIS.5.8.0.pack
                ARM.CMSIS.5.8.0
                CMSIS (Common Microcontroller Software Interface Standard)
   * Component: CORE Version: 5.5.0

Package Vendor: GigaDevice
                https://gd32mcu.com/data/documents/pack/GigaDevice.GD32E50x_DFP.1.5.0.pack
                GigaDevice.GD32E50x_DFP.1.5.0
                GigaDevice GD32E50x Series Device Support and Examples

<h2>Collection of Component include folders:</h2>
  .\RTE\_GD32E50X_CL
  D:\keil\MDK\ARM\PACK\ARM\CMSIS\5.8.0\CMSIS\Core\Include
  D:\keil\MDK\ARM\PACK\GigaDevice\GD32E50x_DFP\1.5.0\Device\Include

<h2>Collection of Component Files used:</h2>

   * Component: ARM::CMSIS:CORE:5.5.0
Build Time Elapsed:  00:00:02
</pre>
</body>
</html>
